../USB_Device/Target/usbd_conf.c:73:6:HAL_PCD_MspInit	104	static
../USB_Device/Target/usbd_conf.c:107:6:HAL_PCD_MspDeInit	16	static
../USB_Device/Target/usbd_conf.c:135:6:HAL_PCD_SetupStageCallback	16	static
../USB_Device/Target/usbd_conf.c:156:6:HAL_PCD_DataOutStageCallback	16	static
../USB_Device/Target/usbd_conf.c:177:6:HAL_PCD_DataInStageCallback	16	static
../USB_Device/Target/usbd_conf.c:197:6:HAL_PCD_SOFCallback	16	static
../USB_Device/Target/usbd_conf.c:217:6:HAL_PCD_ResetCallback	24	static
../USB_Device/Target/usbd_conf.c:248:6:HAL_PCD_SuspendCallback	16	static
../USB_Device/Target/usbd_conf.c:278:6:HAL_PCD_ResumeCallback	16	static
../USB_Device/Target/usbd_conf.c:309:6:HAL_PCD_ISOOUTIncompleteCallback	16	static
../USB_Device/Target/usbd_conf.c:330:6:HAL_PCD_ISOINIncompleteCallback	16	static
../USB_Device/Target/usbd_conf.c:350:6:HAL_PCD_ConnectCallback	16	static
../USB_Device/Target/usbd_conf.c:370:6:HAL_PCD_DisconnectCallback	16	static
../USB_Device/Target/usbd_conf.c:391:6:HAL_PCDEx_BCD_Callback	16	static
../USB_Device/Target/usbd_conf.c:446:20:USBD_LL_Init	16	static
../USB_Device/Target/usbd_conf.c:507:20:USBD_LL_DeInit	24	static
../USB_Device/Target/usbd_conf.c:524:20:USBD_LL_Start	24	static
../USB_Device/Target/usbd_conf.c:541:20:USBD_LL_Stop	24	static
../USB_Device/Target/usbd_conf.c:561:20:USBD_LL_OpenEP	24	static
../USB_Device/Target/usbd_conf.c:579:20:USBD_LL_CloseEP	24	static
../USB_Device/Target/usbd_conf.c:597:20:USBD_LL_FlushEP	24	static
../USB_Device/Target/usbd_conf.c:615:20:USBD_LL_StallEP	24	static
../USB_Device/Target/usbd_conf.c:633:20:USBD_LL_ClearStallEP	24	static
../USB_Device/Target/usbd_conf.c:651:9:USBD_LL_IsStallEP	24	static
../USB_Device/Target/usbd_conf.c:671:20:USBD_LL_SetUSBAddress	24	static
../USB_Device/Target/usbd_conf.c:691:20:USBD_LL_Transmit	32	static
../USB_Device/Target/usbd_conf.c:711:20:USBD_LL_PrepareReceive	32	static
../USB_Device/Target/usbd_conf.c:729:10:USBD_LL_GetRxDataSize	16	static
../USB_Device/Target/usbd_conf.c:739:20:USBD_LL_BatterryCharging	16	static
../USB_Device/Target/usbd_conf.c:756:6:HAL_GPIO_EXTI_Callback	16	static
../USB_Device/Target/usbd_conf.c:786:6:HAL_PCDEx_LPM_Callback	16	static
../USB_Device/Target/usbd_conf.c:822:6:USBD_LL_Delay	16	static
../USB_Device/Target/usbd_conf.c:832:7:USBD_static_malloc	16	static
../USB_Device/Target/usbd_conf.c:843:6:USBD_static_free	16	static
../USB_Device/Target/usbd_conf.c:854:13:SystemClockConfig_Resume	8	static
../USB_Device/Target/usbd_conf.c:865:20:USBD_Get_USB_Status	24	static
