Archive member included to satisfy reference by file (symbol)

C:/ST/STM32CubeIDE_1.15.0/STM32CubeIDE/plugins/com.st.stm32cube.ide.mcu.externaltools.gnu-tools-for-stm32.13.3.rel1.win32_1.0.0.202411081344/tools/bin/../lib/gcc/arm-none-eabi/13.3.1/../../../../arm-none-eabi/lib/thumb/v7e-m+fp/hard\libc_nano.a(libc_a-exit.o)
                              C:/ST/STM32CubeIDE_1.15.0/STM32CubeIDE/plugins/com.st.stm32cube.ide.mcu.externaltools.gnu-tools-for-stm32.13.3.rel1.win32_1.0.0.202411081344/tools/bin/../lib/gcc/arm-none-eabi/13.3.1/../../../../arm-none-eabi/lib/thumb/v7e-m+fp/hard/crt0.o (exit)
C:/ST/STM32CubeIDE_1.15.0/STM32CubeIDE/plugins/com.st.stm32cube.ide.mcu.externaltools.gnu-tools-for-stm32.13.3.rel1.win32_1.0.0.202411081344/tools/bin/../lib/gcc/arm-none-eabi/13.3.1/../../../../arm-none-eabi/lib/thumb/v7e-m+fp/hard\libc_nano.a(libc_a-malloc.o)
                              ./Core/ThreadSafe/newlib_lock_glue.o (malloc)
C:/ST/STM32CubeIDE_1.15.0/STM32CubeIDE/plugins/com.st.stm32cube.ide.mcu.externaltools.gnu-tools-for-stm32.13.3.rel1.win32_1.0.0.202411081344/tools/bin/../lib/gcc/arm-none-eabi/13.3.1/../../../../arm-none-eabi/lib/thumb/v7e-m+fp/hard\libc_nano.a(libc_a-mallocr.o)
                              C:/ST/STM32CubeIDE_1.15.0/STM32CubeIDE/plugins/com.st.stm32cube.ide.mcu.externaltools.gnu-tools-for-stm32.13.3.rel1.win32_1.0.0.202411081344/tools/bin/../lib/gcc/arm-none-eabi/13.3.1/../../../../arm-none-eabi/lib/thumb/v7e-m+fp/hard\libc_nano.a(libc_a-malloc.o) (_malloc_r)
C:/ST/STM32CubeIDE_1.15.0/STM32CubeIDE/plugins/com.st.stm32cube.ide.mcu.externaltools.gnu-tools-for-stm32.13.3.rel1.win32_1.0.0.202411081344/tools/bin/../lib/gcc/arm-none-eabi/13.3.1/../../../../arm-none-eabi/lib/thumb/v7e-m+fp/hard\libc_nano.a(libc_a-mlock.o)
                              C:/ST/STM32CubeIDE_1.15.0/STM32CubeIDE/plugins/com.st.stm32cube.ide.mcu.externaltools.gnu-tools-for-stm32.13.3.rel1.win32_1.0.0.202411081344/tools/bin/../lib/gcc/arm-none-eabi/13.3.1/../../../../arm-none-eabi/lib/thumb/v7e-m+fp/hard\libc_nano.a(libc_a-mallocr.o) (__malloc_lock)
C:/ST/STM32CubeIDE_1.15.0/STM32CubeIDE/plugins/com.st.stm32cube.ide.mcu.externaltools.gnu-tools-for-stm32.13.3.rel1.win32_1.0.0.202411081344/tools/bin/../lib/gcc/arm-none-eabi/13.3.1/../../../../arm-none-eabi/lib/thumb/v7e-m+fp/hard\libc_nano.a(libc_a-rand.o)
                              ./Core/Src/main.o (rand)
C:/ST/STM32CubeIDE_1.15.0/STM32CubeIDE/plugins/com.st.stm32cube.ide.mcu.externaltools.gnu-tools-for-stm32.13.3.rel1.win32_1.0.0.202411081344/tools/bin/../lib/gcc/arm-none-eabi/13.3.1/../../../../arm-none-eabi/lib/thumb/v7e-m+fp/hard\libc_nano.a(libc_a-ctype_.o)
                              ./Core/Src/commands.o (_ctype_)
C:/ST/STM32CubeIDE_1.15.0/STM32CubeIDE/plugins/com.st.stm32cube.ide.mcu.externaltools.gnu-tools-for-stm32.13.3.rel1.win32_1.0.0.202411081344/tools/bin/../lib/gcc/arm-none-eabi/13.3.1/../../../../arm-none-eabi/lib/thumb/v7e-m+fp/hard\libc_nano.a(libc_a-nano-vfprintf_float.o)
                              (_printf_float)
C:/ST/STM32CubeIDE_1.15.0/STM32CubeIDE/plugins/com.st.stm32cube.ide.mcu.externaltools.gnu-tools-for-stm32.13.3.rel1.win32_1.0.0.202411081344/tools/bin/../lib/gcc/arm-none-eabi/13.3.1/../../../../arm-none-eabi/lib/thumb/v7e-m+fp/hard\libc_nano.a(libc_a-nano-vfprintf_i.o)
                              C:/ST/STM32CubeIDE_1.15.0/STM32CubeIDE/plugins/com.st.stm32cube.ide.mcu.externaltools.gnu-tools-for-stm32.13.3.rel1.win32_1.0.0.202411081344/tools/bin/../lib/gcc/arm-none-eabi/13.3.1/../../../../arm-none-eabi/lib/thumb/v7e-m+fp/hard\libc_nano.a(libc_a-nano-vfprintf_float.o) (_printf_common)
C:/ST/STM32CubeIDE_1.15.0/STM32CubeIDE/plugins/com.st.stm32cube.ide.mcu.externaltools.gnu-tools-for-stm32.13.3.rel1.win32_1.0.0.202411081344/tools/bin/../lib/gcc/arm-none-eabi/13.3.1/../../../../arm-none-eabi/lib/thumb/v7e-m+fp/hard\libc_nano.a(libc_a-findfp.o)
                              C:/ST/STM32CubeIDE_1.15.0/STM32CubeIDE/plugins/com.st.stm32cube.ide.mcu.externaltools.gnu-tools-for-stm32.13.3.rel1.win32_1.0.0.202411081344/tools/bin/../lib/gcc/arm-none-eabi/13.3.1/../../../../arm-none-eabi/lib/thumb/v7e-m+fp/hard\libc_nano.a(libc_a-exit.o) (__stdio_exit_handler)
C:/ST/STM32CubeIDE_1.15.0/STM32CubeIDE/plugins/com.st.stm32cube.ide.mcu.externaltools.gnu-tools-for-stm32.13.3.rel1.win32_1.0.0.202411081344/tools/bin/../lib/gcc/arm-none-eabi/13.3.1/../../../../arm-none-eabi/lib/thumb/v7e-m+fp/hard\libc_nano.a(libc_a-fwalk.o)
                              C:/ST/STM32CubeIDE_1.15.0/STM32CubeIDE/plugins/com.st.stm32cube.ide.mcu.externaltools.gnu-tools-for-stm32.13.3.rel1.win32_1.0.0.202411081344/tools/bin/../lib/gcc/arm-none-eabi/13.3.1/../../../../arm-none-eabi/lib/thumb/v7e-m+fp/hard\libc_nano.a(libc_a-findfp.o) (_fwalk_sglue)
[...]
Memory Configuration

Name             Origin             Length             Attributes
RAM              0x20000000         0x0001c000         xrw
FLASH            0x08000000         0x00040000         xr
*default*        0x00000000         0xffffffff

Linker script and memory map

LOAD C:/ST/STM32CubeIDE_1.15.0/STM32CubeIDE/plugins/com.st.stm32cube.ide.mcu.externaltools.gnu-tools-for-stm32.13.3.rel1.win32_1.0.0.202411081344/tools/bin/../lib/gcc/arm-none-eabi/13.3.1/thumb/v7e-m+fp/hard/crti.o
LOAD C:/ST/STM32CubeIDE_1.15.0/STM32CubeIDE/plugins/com.st.stm32cube.ide.mcu.externaltools.gnu-tools-for-stm32.13.3.rel1.win32_1.0.0.202411081344/tools/bin/../lib/gcc/arm-none-eabi/13.3.1/thumb/v7e-m+fp/hard/crtbegin.o
LOAD C:/ST/STM32CubeIDE_1.15.0/STM32CubeIDE/plugins/com.st.stm32cube.ide.mcu.externaltools.gnu-tools-for-stm32.13.3.rel1.win32_1.0.0.202411081344/tools/bin/../lib/gcc/arm-none-eabi/13.3.1/../../../../arm-none-eabi/lib/thumb/v7e-m+fp/hard/crt0.o
LOAD ./Core/Src/commands.o
LOAD ./Core/Src/global.o
LOAD ./Core/Src/main.o
LOAD ./Core/Src/stm32g4xx_hal_msp.o
LOAD ./Core/Src/stm32g4xx_hal_timebase_tim.o
LOAD ./Core/Src/stm32g4xx_it.o
LOAD ./Core/Src/syscalls.o
LOAD ./Core/Src/sysmem.o
LOAD ./Core/Src/system_stm32g4xx.o
LOAD ./Core/Startup/startup_stm32g491rctx.o
LOAD ./Core/ThreadSafe/newlib_lock_glue.o
LOAD ./Drivers/AMT10E2/AMT10E2.o
LOAD ./Drivers/BMM150/BMM150SPI.o
LOAD ./Drivers/BMM150/bmm150.o
LOAD ./Drivers/BQ28Z610/BQ28Z610I2C.o
LOAD ./Drivers/DRV8838/DRV8838.o
LOAD ./Drivers/ICM42688P/ICM42688PSPI.o
LOAD ./Drivers/MS5607/MS5607SPI.o
LOAD ./Drivers/STM32G4xx_HAL_Driver/Src/stm32g4xx_hal.o
LOAD ./Drivers/STM32G4xx_HAL_Driver/Src/stm32g4xx_hal_adc.o
LOAD ./Drivers/STM32G4xx_HAL_Driver/Src/stm32g4xx_hal_adc_ex.o
LOAD ./Drivers/STM32G4xx_HAL_Driver/Src/stm32g4xx_hal_cordic.o
LOAD ./Drivers/STM32G4xx_HAL_Driver/Src/stm32g4xx_hal_cortex.o
LOAD ./Drivers/STM32G4xx_HAL_Driver/Src/stm32g4xx_hal_dma.o
LOAD ./Drivers/STM32G4xx_HAL_Driver/Src/stm32g4xx_hal_dma_ex.o
LOAD ./Drivers/STM32G4xx_HAL_Driver/Src/stm32g4xx_hal_exti.o
LOAD ./Drivers/STM32G4xx_HAL_Driver/Src/stm32g4xx_hal_flash.o
LOAD ./Drivers/STM32G4xx_HAL_Driver/Src/stm32g4xx_hal_flash_ex.o
LOAD ./Drivers/STM32G4xx_HAL_Driver/Src/stm32g4xx_hal_flash_ramfunc.o
LOAD ./Drivers/STM32G4xx_HAL_Driver/Src/stm32g4xx_hal_fmac.o
LOAD ./Drivers/STM32G4xx_HAL_Driver/Src/stm32g4xx_hal_gpio.o
LOAD ./Drivers/STM32G4xx_HAL_Driver/Src/stm32g4xx_hal_i2c.o
LOAD ./Drivers/STM32G4xx_HAL_Driver/Src/stm32g4xx_hal_i2c_ex.o
LOAD ./Drivers/STM32G4xx_HAL_Driver/Src/stm32g4xx_hal_pcd.o
LOAD ./Drivers/STM32G4xx_HAL_Driver/Src/stm32g4xx_hal_pcd_ex.o
LOAD ./Drivers/STM32G4xx_HAL_Driver/Src/stm32g4xx_hal_pwr.o
LOAD ./Drivers/STM32G4xx_HAL_Driver/Src/stm32g4xx_hal_pwr_ex.o
LOAD ./Drivers/STM32G4xx_HAL_Driver/Src/stm32g4xx_hal_rcc.o
LOAD ./Drivers/STM32G4xx_HAL_Driver/Src/stm32g4xx_hal_rcc_ex.o
LOAD ./Drivers/STM32G4xx_HAL_Driver/Src/stm32g4xx_hal_rng.o
LOAD ./Drivers/STM32G4xx_HAL_Driver/Src/stm32g4xx_hal_rtc.o
LOAD ./Drivers/STM32G4xx_HAL_Driver/Src/stm32g4xx_hal_rtc_ex.o
LOAD ./Drivers/STM32G4xx_HAL_Driver/Src/stm32g4xx_hal_spi.o
LOAD ./Drivers/STM32G4xx_HAL_Driver/Src/stm32g4xx_hal_spi_ex.o
LOAD ./Drivers/STM32G4xx_HAL_Driver/Src/stm32g4xx_hal_tim.o
LOAD ./Drivers/STM32G4xx_HAL_Driver/Src/stm32g4xx_hal_tim_ex.o
LOAD ./Drivers/STM32G4xx_HAL_Driver/Src/stm32g4xx_hal_uart.o
LOAD ./Drivers/STM32G4xx_HAL_Driver/Src/stm32g4xx_hal_uart_ex.o
LOAD ./Drivers/STM32G4xx_HAL_Driver/Src/stm32g4xx_ll_adc.o
LOAD ./Drivers/STM32G4xx_HAL_Driver/Src/stm32g4xx_ll_usb.o
LOAD ./Middlewares/ST/STM32_USB_Device_Library/Class/DFU/Src/usbd_dfu.o
LOAD ./Middlewares/ST/STM32_USB_Device_Library/Core/Src/usbd_core.o
LOAD ./Middlewares/ST/STM32_USB_Device_Library/Core/Src/usbd_ctlreq.o
LOAD ./Middlewares/ST/STM32_USB_Device_Library/Core/Src/usbd_ioreq.o
LOAD ./USB_Device/App/usb_device.o
LOAD ./USB_Device/App/usbd_desc.o
LOAD ./USB_Device/App/usbd_dfu_flash.o
LOAD ./USB_Device/Target/usbd_conf.o
START GROUP
LOAD C:/ST/STM32CubeIDE_1.15.0/STM32CubeIDE/plugins/com.st.stm32cube.ide.mcu.externaltools.gnu-tools-for-stm32.13.3.rel1.win32_1.0.0.202411081344/tools/bin/../lib/gcc/arm-none-eabi/13.3.1/../../../../arm-none-eabi/lib/thumb/v7e-m+fp/hard\libc_nano.a
LOAD C:/ST/STM32CubeIDE_1.15.0/STM32CubeIDE/plugins/com.st.stm32cube.ide.mcu.externaltools.gnu-tools-for-stm32.13.3.rel1.win32_1.0.0.202411081344/tools/bin/../lib/gcc/arm-none-eabi/13.3.1/../../../../arm-none-eabi/lib/thumb/v7e-m+fp/hard\libm.a
END GROUP
START GROUP
LOAD C:/ST/STM32CubeIDE_1.15.0/STM32CubeIDE/plugins/com.st.stm32cube.ide.mcu.externaltools.gnu-tools-for-stm32.13.3.rel1.win32_1.0.0.202411081344/tools/bin/../lib/gcc/arm-none-eabi/13.3.1/thumb/v7e-m+fp/hard\libgcc.a
LOAD C:/ST/STM32CubeIDE_1.15.0/STM32CubeIDE/plugins/com.st.stm32cube.ide.mcu.externaltools.gnu-tools-for-stm32.13.3.rel1.win32_1.0.0.202411081344/tools/bin/../lib/gcc/arm-none-eabi/13.3.1/../../../../arm-none-eabi/lib/thumb/v7e-m+fp/hard\libc_nano.a
END GROUP
START GROUP
LOAD C:/ST/STM32CubeIDE_1.15.0/STM32CubeIDE/plugins/com.st.stm32cube.ide.mcu.externaltools.gnu-tools-for-stm32.13.3.rel1.win32_1.0.0.202411081344/tools/bin/../lib/gcc/arm-none-eabi/13.3.1/thumb/v7e-m+fp/hard\libgcc.a
LOAD C:/ST/STM32CubeIDE_1.15.0/STM32CubeIDE/plugins/com.st.stm32cube.ide.mcu.externaltools.gnu-tools-for-stm32.13.3.rel1.win32_1.0.0.202411081344/tools/bin/../lib/gcc/arm-none-eabi/13.3.1/../../../../arm-none-eabi/lib/thumb/v7e-m+fp/hard\libc_nano.a
LOAD C:/ST/STM32CubeIDE_1.15.0/STM32CubeIDE/plugins/com.st.stm32cube.ide.mcu.externaltools.gnu-tools-for-stm32.13.3.rel1.win32_1.0.0.202411081344/tools/bin/../lib/gcc/arm-none-eabi/13.3.1/../../../../arm-none-eabi/lib/thumb/v7e-m+fp/hard\libnosys.a
END GROUP
START GROUP
LOAD C:/ST/STM32CubeIDE_1.15.0/STM32CubeIDE/plugins/com.st.stm32cube.ide.mcu.externaltools.gnu-tools-for-stm32.13.3.rel1.win32_1.0.0.202411081344/tools/bin/../lib/gcc/arm-none-eabi/13.3.1/thumb/v7e-m+fp/hard\libgcc.a
LOAD C:/ST/STM32CubeIDE_1.15.0/STM32CubeIDE/plugins/com.st.stm32cube.ide.mcu.externaltools.gnu-tools-for-stm32.13.3.rel1.win32_1.0.0.202411081344/tools/bin/../lib/gcc/arm-none-eabi/13.3.1/../../../../arm-none-eabi/lib/thumb/v7e-m+fp/hard\libc_nano.a
LOAD C:/ST/STM32CubeIDE_1.15.0/STM32CubeIDE/plugins/com.st.stm32cube.ide.mcu.externaltools.gnu-tools-for-stm32.13.3.rel1.win32_1.0.0.202411081344/tools/bin/../lib/gcc/arm-none-eabi/13.3.1/../../../../arm-none-eabi/lib/thumb/v7e-m+fp/hard\libnosys.a
END GROUP
LOAD C:/ST/STM32CubeIDE_1.15.0/STM32CubeIDE/plugins/com.st.stm32cube.ide.mcu.externaltools.gnu-tools-for-stm32.13.3.rel1.win32_1.0.0.202411081344/tools/bin/../lib/gcc/arm-none-eabi/13.3.1/thumb/v7e-m+fp/hard/crtend.o
LOAD C:/ST/STM32CubeIDE_1.15.0/STM32CubeIDE/plugins/com.st.stm32cube.ide.mcu.externaltools.gnu-tools-for-stm32.13.3.rel1.win32_1.0.0.202411081344/tools/bin/../lib/gcc/arm-none-eabi/13.3.1/thumb/v7e-m+fp/hard/crtn.o
                0x2001c000                        _estack = (ORIGIN (RAM) + LENGTH (RAM))
                0x00000f00                        _Min_Heap_Size = 0xf00
                0x00000600                        _Min_Stack_Size = 0x600

.isr_vector     0x08000000      0x1d8
                0x08000000                        . = ALIGN (0x4)
 *(.isr_vector)
 .isr_vector    0x08000000      0x1d8 ./Core/Startup/startup_stm32g491rctx.o
                0x08000000                g_pfnVectors
                0x080001d8                        . = ALIGN (0x4)

.text           0x080001e0    0x1336c
                0x080001e0                        . = ALIGN (0x4)
 *(.text)
 .text          0x080001e0       0x40 C:/ST/STM32CubeIDE_1.15.0/STM32CubeIDE/plugins/com.st.stm32cube.ide.mcu.externaltools.gnu-tools-for-stm32.13.3.rel1.win32_1.0.0.202411081344/tools/bin/../lib/gcc/arm-none-eabi/13.3.1/thumb/v7e-m+fp/hard/crtbegin.o
 .text          0x08000220       0xa0 C:/ST/STM32CubeIDE_1.15.0/STM32CubeIDE/plugins/com.st.stm32cube.ide.mcu.externaltools.gnu-tools-for-stm32.13.3.rel1.win32_1.0.0.202411081344/tools/bin/../lib/gcc/arm-none-eabi/13.3.1/../../../../arm-none-eabi/lib/thumb/v7e-m+fp/hard\libc_nano.a(libc_a-memchr.o)
                0x08000220                memchr
 .text          0x080002c0       0x10 C:/ST/STM32CubeIDE_1.15.0/STM32CubeIDE/plugins/com.st.stm32cube.ide.mcu.externaltools.gnu-tools-for-stm32.13.3.rel1.win32_1.0.0.202411081344/tools/bin/../lib/gcc/arm-none-eabi/13.3.1/../../../../arm-none-eabi/lib/thumb/v7e-m+fp/hard\libc_nano.a(libc_a-strlen.o)
                0x080002c0                strlen
 .text          0x080002d0      0x378 C:/ST/STM32CubeIDE_1.15.0/STM32CubeIDE/plugins/com.st.stm32cube.ide.mcu.externaltools.gnu-tools-for-stm32.13.3.rel1.win32_1.0.0.202411081344/tools/bin/../lib/gcc/arm-none-eabi/13.3.1/thumb/v7e-m+fp/hard\libgcc.a(_arm_addsubdf3.o)
                0x080002d0                __aeabi_drsub
                0x080002d8                __aeabi_dsub
                0x080002d8                __subdf3
                0x080002dc                __aeabi_dadd
                0x080002dc                __adddf3
                0x08000554                __floatunsidf
                0x08000554                __aeabi_ui2d
                0x08000574                __floatsidf
                0x08000574                __aeabi_i2d
                0x08000598                __aeabi_f2d
                0x08000598                __extendsfdf2
                0x080005dc                __floatundidf
                0x080005dc                __aeabi_ul2d
                0x080005ec                __floatdidf
                0x080005ec                __aeabi_l2d
 .text          0x08000648      0x424 C:/ST/STM32CubeIDE_1.15.0/STM32CubeIDE/plugins/com.st.stm32cube.ide.mcu.externaltools.gnu-tools-for-stm32.13.3.rel1.win32_1.0.0.202411081344/tools/bin/../lib/gcc/arm-none-eabi/13.3.1/thumb/v7e-m+fp/hard\libgcc.a(_arm_muldivdf3.o)
                0x08000648                __aeabi_dmul
                0x08000648                __muldf3
                0x0800089c                __divdf3
                0x0800089c                __aeabi_ddiv
 .text          0x08000a6c      0x110 C:/ST/STM32CubeIDE_1.15.0/STM32CubeIDE/plugins/com.st.stm32cube.ide.mcu.externaltools.gnu-tools-for-stm32.13.3.rel1.win32_1.0.0.202411081344/tools/bin/../lib/gcc/arm-none-eabi/13.3.1/thumb/v7e-m+fp/hard\libgcc.a(_arm_cmpdf2.o)
                0x08000a6c                __gtdf2
                0x08000a6c                __gedf2
                0x08000a74                __ltdf2
                0x08000a74                __ledf2
                0x08000a7c                __nedf2
                0x08000a7c                __eqdf2
                0x08000a7c                __cmpdf2
                0x08000af8                __aeabi_cdrcmple
                0x08000b08                __aeabi_cdcmpeq
                0x08000b08                __aeabi_cdcmple
                0x08000b18                __aeabi_dcmpeq
                0x08000b2c                __aeabi_dcmplt
                0x08000b40                __aeabi_dcmple
                0x08000b54                __aeabi_dcmpge
                0x08000b68                __aeabi_dcmpgt
 .text          0x08000b7c       0x2c C:/ST/STM32CubeIDE_1.15.0/STM32CubeIDE/plugins/com.st.stm32cube.ide.mcu.externaltools.gnu-tools-for-stm32.13.3.rel1.win32_1.0.0.202411081344/tools/bin/../lib/gcc/arm-none-eabi/13.3.1/thumb/v7e-m+fp/hard\libgcc.a(_arm_unorddf2.o)
                0x08000b7c                __unorddf2
                0x08000b7c                __aeabi_dcmpun
 .text          0x08000ba8       0x50 C:/ST/STM32CubeIDE_1.15.0/STM32CubeIDE/plugins/com.st.stm32cube.ide.mcu.externaltools.gnu-tools-for-stm32.13.3.rel1.win32_1.0.0.202411081344/tools/bin/../lib/gcc/arm-none-eabi/13.3.1/thumb/v7e-m+fp/hard\libgcc.a(_arm_fixdfsi.o)
                0x08000ba8                __aeabi_d2iz
                0x08000ba8                __fixdfsi
 .text          0x08000bf8       0x30 C:/ST/STM32CubeIDE_1.15.0/STM32CubeIDE/plugins/com.st.stm32cube.ide.mcu.externaltools.gnu-tools-for-stm32.13.3.rel1.win32_1.0.0.202411081344/tools/bin/../lib/gcc/arm-none-eabi/13.3.1/thumb/v7e-m+fp/hard\libgcc.a(_aeabi_uldivmod.o)
                0x08000bf8                __aeabi_uldivmod
 .text          0x08000c28      0x2f8 C:/ST/STM32CubeIDE_1.15.0/STM32CubeIDE/plugins/com.st.stm32cube.ide.mcu.externaltools.gnu-tools-for-stm32.13.3.rel1.win32_1.0.0.202411081344/tools/bin/../lib/gcc/arm-none-eabi/13.3.1/thumb/v7e-m+fp/hard\libgcc.a(_udivmoddi4.o)
                0x08000c28                __udivmoddi4
 .text          0x08000f20        0x4 C:/ST/STM32CubeIDE_1.15.0/STM32CubeIDE/plugins/com.st.stm32cube.ide.mcu.externaltools.gnu-tools-for-stm32.13.3.rel1.win32_1.0.0.202411081344/tools/bin/../lib/gcc/arm-none-eabi/13.3.1/thumb/v7e-m+fp/hard\libgcc.a(_dvmd_tls.o)
                0x08000f20                __aeabi_idiv0
                0x08000f20                __aeabi_ldiv0
 *(.text*)
 .text._write   0x08000f24       0x2c ./Core/Src/main.o
                0x08000f24                _write
 .text.main     0x08000f50      0x228 ./Core/Src/main.o
                0x08000f50                main
 .text.SystemClock_Config
                0x08001178      0x124 ./Core/Src/main.o
                0x08001178                SystemClock_Config
 .text.MX_ADC1_Init
                0x0800129c       0xf0 ./Core/Src/main.o
 .text.MX_CORDIC_Init
                0x0800138c       0x28 ./Core/Src/main.o
 .text.MX_FMAC_Init
                0x080013b4       0x28 ./Core/Src/main.o
 .text.MX_I2C3_Init
                0x080013dc       0x80 ./Core/Src/main.o
 .text.MX_IRTIM_Init
                0x0800145c        0xe ./Core/Src/main.o
 *fill*         0x0800146a        0x2 
 .text.MX_RNG_Init
                0x0800146c       0x2c ./Core/Src/main.o
 .text.MX_RTC_Init
                0x08001498       0x68 ./Core/Src/main.o
 .text.MX_SPI2_Init
                0x08001500       0x7c ./Core/Src/main.o
 .text.MX_TIM1_Init
                0x0800157c       0xf4 ./Core/Src/main.o
 .text.MX_TIM3_Init
                0x08001670      0x130 ./Core/Src/main.o
 .text.MX_TIM8_Init
                0x080017a0       0xf4 ./Core/Src/main.o
 .text.MX_TIM15_Init
                0x08001894      0x10c ./Core/Src/main.o
 .text.MX_TIM16_Init
                0x080019a0       0xec ./Core/Src/main.o
 .text.MX_TIM17_Init
                0x08001a8c       0xec ./Core/Src/main.o
 .text.MX_UART5_Init
                0x08001b78       0x98 ./Core/Src/main.o
 .text.MX_USART3_UART_Init
                0x08001c10       0x98 ./Core/Src/main.o
 .text.MX_DMA_Init
                0x08001ca8       0x54 ./Core/Src/main.o
 .text.MX_GPIO_Init
                0x08001cfc      0x1e4 ./Core/Src/main.o
 .text.HAL_TIM_PeriodElapsedCallback
                0x08001ee0       0x24 ./Core/Src/main.o
                0x08001ee0                HAL_TIM_PeriodElapsedCallback
 .text.Error_Handler
                0x08001f04        0xc ./Core/Src/main.o
                0x08001f04                Error_Handler
 .text.HAL_MspInit
                0x08001f10       0x70 ./Core/Src/stm32g4xx_hal_msp.o
                0x08001f10                HAL_MspInit
 .text.HAL_ADC_MspInit
                0x08001f80       0xa8 ./Core/Src/stm32g4xx_hal_msp.o
                0x08001f80                HAL_ADC_MspInit
 .text.HAL_CORDIC_MspInit
                0x08002028       0x40 ./Core/Src/stm32g4xx_hal_msp.o
                0x08002028                HAL_CORDIC_MspInit
 .text.HAL_FMAC_MspInit
                0x08002068       0x40 ./Core/Src/stm32g4xx_hal_msp.o
                0x08002068                HAL_FMAC_MspInit
 .text.HAL_I2C_MspInit
                0x080020a8       0xb4 ./Core/Src/stm32g4xx_hal_msp.o
                0x080020a8                HAL_I2C_MspInit
 .text.HAL_RNG_MspInit
                0x0800215c       0x68 ./Core/Src/stm32g4xx_hal_msp.o
                0x0800215c                HAL_RNG_MspInit
 .text.HAL_RTC_MspInit
                0x080021c4       0xc4 ./Core/Src/stm32g4xx_hal_msp.o
                0x080021c4                HAL_RTC_MspInit
 .text.HAL_SPI_MspInit
                0x08002288       0x88 ./Core/Src/stm32g4xx_hal_msp.o
                0x08002288                HAL_SPI_MspInit
 .text.HAL_TIM_Encoder_MspInit
                0x08002310      0x120 ./Core/Src/stm32g4xx_hal_msp.o
                0x08002310                HAL_TIM_Encoder_MspInit
 .text.HAL_TIM_Base_MspInit
                0x08002430       0x90 ./Core/Src/stm32g4xx_hal_msp.o
                0x08002430                HAL_TIM_Base_MspInit
 .text.HAL_TIM_PWM_MspInit
                0x080024c0       0x40 ./Core/Src/stm32g4xx_hal_msp.o
                0x080024c0                HAL_TIM_PWM_MspInit
 .text.HAL_TIM_MspPostInit
                0x08002500       0xf4 ./Core/Src/stm32g4xx_hal_msp.o
                0x08002500                HAL_TIM_MspPostInit
 .text.HAL_UART_MspInit
                0x080025f4      0x1d8 ./Core/Src/stm32g4xx_hal_msp.o
                0x080025f4                HAL_UART_MspInit
 .text.HAL_InitTick
                0x080027cc       0xd8 ./Core/Src/stm32g4xx_hal_timebase_tim.o
                0x080027cc                HAL_InitTick
 .text.NMI_Handler
                0x080028a4        0x8 ./Core/Src/stm32g4xx_it.o
                0x080028a4                NMI_Handler
 .text.HardFault_Handler
                0x080028ac        0x8 ./Core/Src/stm32g4xx_it.o
                0x080028ac                HardFault_Handler
 .text.MemManage_Handler
                0x080028b4        0x8 ./Core/Src/stm32g4xx_it.o
                0x080028b4                MemManage_Handler
 .text.BusFault_Handler
                0x080028bc        0x8 ./Core/Src/stm32g4xx_it.o
                0x080028bc                BusFault_Handler
 .text.UsageFault_Handler
                0x080028c4        0x8 ./Core/Src/stm32g4xx_it.o
                0x080028c4                UsageFault_Handler
 .text.SVC_Handler
                0x080028cc        0xe ./Core/Src/stm32g4xx_it.o
                0x080028cc                SVC_Handler
 .text.DebugMon_Handler
                0x080028da        0xe ./Core/Src/stm32g4xx_it.o
                0x080028da                DebugMon_Handler
 .text.PendSV_Handler
                0x080028e8        0xe ./Core/Src/stm32g4xx_it.o
                0x080028e8                PendSV_Handler
 .text.SysTick_Handler
                0x080028f6        0xe ./Core/Src/stm32g4xx_it.o
                0x080028f6                SysTick_Handler
 .text.DMA1_Channel3_IRQHandler
                0x08002904       0x14 ./Core/Src/stm32g4xx_it.o
                0x08002904                DMA1_Channel3_IRQHandler
 .text.USB_LP_IRQHandler
                0x08002918       0x14 ./Core/Src/stm32g4xx_it.o
                0x08002918                USB_LP_IRQHandler
 .text.USART3_IRQHandler
                0x0800292c       0x14 ./Core/Src/stm32g4xx_it.o
                0x0800292c                USART3_IRQHandler
 .text.TIM6_DAC_IRQHandler
                0x08002940       0x14 ./Core/Src/stm32g4xx_it.o
                0x08002940                TIM6_DAC_IRQHandler
 .text._getpid  0x08002954       0x10 ./Core/Src/syscalls.o
                0x08002954                _getpid
 .text._kill    0x08002964       0x20 ./Core/Src/syscalls.o
                0x08002964                _kill
 .text._exit    0x08002984       0x16 ./Core/Src/syscalls.o
                0x08002984                _exit
 .text._read    0x0800299a       0x3a ./Core/Src/syscalls.o
                0x0800299a                _read
 .text._close   0x080029d4       0x18 ./Core/Src/syscalls.o
                0x080029d4                _close
 .text._fstat   0x080029ec       0x20 ./Core/Src/syscalls.o
                0x080029ec                _fstat
 .text._isatty  0x08002a0c       0x16 ./Core/Src/syscalls.o
                0x08002a0c                _isatty
 .text._lseek   0x08002a22       0x1a ./Core/Src/syscalls.o
                0x08002a22                _lseek
 .text._sbrk    0x08002a3c       0x6c ./Core/Src/sysmem.o
                0x08002a3c                _sbrk
 .text.SystemInit
                0x08002aa8       0x24 ./Core/Src/system_stm32g4xx.o
                0x08002aa8                SystemInit
 .text.Reset_Handler
                0x08002acc       0x50 ./Core/Startup/startup_stm32g491rctx.o
                0x08002acc                Reset_Handler
 .text.Default_Handler
                0x08002b1c        0x2 ./Core/Startup/startup_stm32g491rctx.o
                0x08002b1c                RTC_Alarm_IRQHandler
                0x08002b1c                EXTI2_IRQHandler
                0x08002b1c                TIM8_TRG_COM_IRQHandler
                0x08002b1c                TIM8_CC_IRQHandler
                0x08002b1c                TIM1_CC_IRQHandler
                0x08002b1c                USB_HP_IRQHandler
                0x08002b1c                CORDIC_IRQHandler
                0x08002b1c                DMA2_Channel8_IRQHandler
                0x08002b1c                EXTI3_IRQHandler
                0x08002b1c                I2C3_ER_IRQHandler
                0x08002b1c                EXTI0_IRQHandler
                0x08002b1c                I2C2_EV_IRQHandler
                0x08002b1c                FPU_IRQHandler
                0x08002b1c                FDCAN1_IT1_IRQHandler
                0x08002b1c                TIM1_UP_TIM16_IRQHandler
                0x08002b1c                ADC1_2_IRQHandler
                0x08002b1c                SPI1_IRQHandler
                0x08002b1c                TIM8_UP_IRQHandler
                0x08002b1c                DMA2_Channel2_IRQHandler
                0x08002b1c                DMA1_Channel4_IRQHandler
                0x08002b1c                TIM20_TRG_COM_IRQHandler
                0x08002b1c                DMA1_Channel7_IRQHandler
                0x08002b1c                UART5_IRQHandler
                0x08002b1c                ADC3_IRQHandler
                0x08002b1c                TIM4_IRQHandler
                0x08002b1c                DMA2_Channel1_IRQHandler
                0x08002b1c                QUADSPI_IRQHandler
                0x08002b1c                I2C1_EV_IRQHandler
                0x08002b1c                DMA1_Channel6_IRQHandler
                0x08002b1c                UART4_IRQHandler
                0x08002b1c                DMA2_Channel4_IRQHandler
                0x08002b1c                TIM3_IRQHandler
                0x08002b1c                RCC_IRQHandler
                0x08002b1c                TIM20_UP_IRQHandler
                0x08002b1c                DMA1_Channel1_IRQHandler
                0x08002b1c                Default_Handler
                0x08002b1c                DMA2_Channel7_IRQHandler
                0x08002b1c                RTC_TAMP_LSECSS_IRQHandler
                0x08002b1c                FMAC_IRQHandler
                0x08002b1c                EXTI15_10_IRQHandler
                0x08002b1c                DMA1_Channel8_IRQHandler
                0x08002b1c                TIM7_IRQHandler
                0x08002b1c                UCPD1_IRQHandler
                0x08002b1c                I2C3_EV_IRQHandler
                0x08002b1c                EXTI9_5_IRQHandler
                0x08002b1c                RTC_WKUP_IRQHandler
                0x08002b1c                PVD_PVM_IRQHandler
                0x08002b1c                SPI2_IRQHandler
                0x08002b1c                DMA2_Channel5_IRQHandler
                0x08002b1c                CRS_IRQHandler
                0x08002b1c                DMA1_Channel5_IRQHandler
                0x08002b1c                EXTI4_IRQHandler
                0x08002b1c                RNG_IRQHandler
                0x08002b1c                TIM1_TRG_COM_TIM17_IRQHandler
                0x08002b1c                FDCAN2_IT1_IRQHandler
                0x08002b1c                WWDG_IRQHandler
                0x08002b1c                FDCAN2_IT0_IRQHandler
                0x08002b1c                LPUART1_IRQHandler
                0x08002b1c                DMA2_Channel6_IRQHandler
                0x08002b1c                FDCAN1_IT0_IRQHandler
                0x08002b1c                TIM2_IRQHandler
                0x08002b1c                COMP1_2_3_IRQHandler
                0x08002b1c                EXTI1_IRQHandler
                0x08002b1c                USART2_IRQHandler
                0x08002b1c                TIM20_BRK_IRQHandler
                0x08002b1c                I2C2_ER_IRQHandler
                0x08002b1c                DMA1_Channel2_IRQHandler
                0x08002b1c                TIM8_BRK_IRQHandler
                0x08002b1c                FLASH_IRQHandler
                0x08002b1c                TIM20_CC_IRQHandler
                0x08002b1c                USART1_IRQHandler
                0x08002b1c                SPI3_IRQHandler
                0x08002b1c                I2C1_ER_IRQHandler
                0x08002b1c                LPTIM1_IRQHandler
                0x08002b1c                DMAMUX_OVR_IRQHandler
                0x08002b1c                USBWakeUp_IRQHandler
                0x08002b1c                SAI1_IRQHandler
                0x08002b1c                DMA2_Channel3_IRQHandler
                0x08002b1c                COMP4_IRQHandler
                0x08002b1c                TIM1_BRK_TIM15_IRQHandler
 .text.stm32_lock_init
                0x08002b1e       0x2e ./Core/ThreadSafe/newlib_lock_glue.o
 .text.stm32_lock_acquire
                0x08002b4c       0x72 ./Core/ThreadSafe/newlib_lock_glue.o
 .text.stm32_lock_release
                0x08002bbe       0x56 ./Core/ThreadSafe/newlib_lock_glue.o
 .text.__retarget_lock_init_recursive
                0x08002c14       0x4e ./Core/ThreadSafe/newlib_lock_glue.o
                0x08002c14                __retarget_lock_init_recursive
 .text.__retarget_lock_acquire_recursive
                0x08002c62       0x2a ./Core/ThreadSafe/newlib_lock_glue.o
                0x08002c62                __retarget_lock_acquire_recursive
 .text.__retarget_lock_release_recursive
                0x08002c8c       0x2a ./Core/ThreadSafe/newlib_lock_glue.o
                0x08002c8c                __retarget_lock_release_recursive
 .text.BMM150_enable_chip_select
                0x08002cb6       0x20 ./Drivers/BMM150/BMM150SPI.o
                0x08002cb6                BMM150_enable_chip_select
 .text.BMM150_disable_chip_select
                0x08002cd6       0x20 ./Drivers/BMM150/BMM150SPI.o
                0x08002cd6                BMM150_disable_chip_select
 .text.BMM150_SPI_read
                0x08002cf6       0x6c ./Drivers/BMM150/BMM150SPI.o
                0x08002cf6                BMM150_SPI_read
 .text.BMM150_SPI_write
                0x08002d62       0x6c ./Drivers/BMM150/BMM150SPI.o
                0x08002d62                BMM150_SPI_write
 *fill*         0x08002dce        0x2 
 .text.BMM150_spi_init
                0x08002dd0       0xa4 ./Drivers/BMM150/BMM150SPI.o
                0x08002dd0                BMM150_spi_init
 .text.bmm150_init
                0x08002e74       0x6a ./Drivers/BMM150/bmm150.o
                0x08002e74                bmm150_init
 .text.bmm150_set_regs
                0x08002ede       0x58 ./Drivers/BMM150/bmm150.o
                0x08002ede                bmm150_set_regs
 .text.bmm150_get_regs
                0x08002f36       0x62 ./Drivers/BMM150/bmm150.o
                0x08002f36                bmm150_get_regs
 .text.null_ptr_check
                0x08002f98       0x48 ./Drivers/BMM150/bmm150.o
 .text.set_power_control_bit
                0x08002fe0       0x74 ./Drivers/BMM150/bmm150.o
 .text.read_trim_registers
                0x08003054      0x11c ./Drivers/BMM150/bmm150.o
 .text.ICM42688P_disable_chip_select
                0x08003170       0x20 ./Drivers/ICM42688P/ICM42688PSPI.o
 .text.ICM42688P_enable_chip_select
                0x08003190       0x20 ./Drivers/ICM42688P/ICM42688PSPI.o
 .text.ICM42688P_write_reg
                0x080031b0       0x40 ./Drivers/ICM42688P/ICM42688PSPI.o
 .text.ICM42688P_read_reg
                0x080031f0       0x54 ./Drivers/ICM42688P/ICM42688PSPI.o
                0x080031f0                ICM42688P_read_reg
 .text.ICM42688P_init
                0x08003244       0x54 ./Drivers/ICM42688P/ICM42688PSPI.o
                0x08003244                ICM42688P_init
 .text.ICM42688P_read_data
                0x08003298       0xd8 ./Drivers/ICM42688P/ICM42688PSPI.o
                0x08003298                ICM42688P_read_data
 .text.MS5607_Init
                0x08003370       0x7c ./Drivers/MS5607/MS5607SPI.o
                0x08003370                MS5607_Init
 .text.MS5607PromRead
                0x080033ec       0xa4 ./Drivers/MS5607/MS5607SPI.o
                0x080033ec                MS5607PromRead
 .text.MS5607UncompensatedRead
                0x08003490      0x170 ./Drivers/MS5607/MS5607SPI.o
                0x08003490                MS5607UncompensatedRead
 .text.MS5607Convert
                0x08003600      0x510 ./Drivers/MS5607/MS5607SPI.o
                0x08003600                MS5607Convert
 .text.MS5607Update
                0x08003b10       0x20 ./Drivers/MS5607/MS5607SPI.o
                0x08003b10                MS5607Update
 .text.MS5607ReadValues
                0x08003b30       0x78 ./Drivers/MS5607/MS5607SPI.o
                0x08003b30                MS5607ReadValues
 .text.enableCSB
                0x08003ba8       0x20 ./Drivers/MS5607/MS5607SPI.o
                0x08003ba8                enableCSB
 .text.disableCSB
                0x08003bc8       0x20 ./Drivers/MS5607/MS5607SPI.o
                0x08003bc8                disableCSB
 .text.HAL_Init
                0x08003be8       0x30 ./Drivers/STM32G4xx_HAL_Driver/Src/stm32g4xx_hal.o
                0x08003be8                HAL_Init
 .text.HAL_IncTick
                0x08003c18       0x24 ./Drivers/STM32G4xx_HAL_Driver/Src/stm32g4xx_hal.o
                0x08003c18                HAL_IncTick
 .text.HAL_GetTick
                0x08003c3c       0x18 ./Drivers/STM32G4xx_HAL_Driver/Src/stm32g4xx_hal.o
                0x08003c3c                HAL_GetTick
 .text.HAL_Delay
                0x08003c54       0x44 ./Drivers/STM32G4xx_HAL_Driver/Src/stm32g4xx_hal.o
                0x08003c54                HAL_Delay
 .text.HAL_SYSCFG_VREFBUF_HighImpedanceConfig
                0x08003c98       0x28 ./Drivers/STM32G4xx_HAL_Driver/Src/stm32g4xx_hal.o
                0x08003c98                HAL_SYSCFG_VREFBUF_HighImpedanceConfig
 .text.HAL_SYSCFG_DisableVREFBUF
                0x08003cc0       0x20 ./Drivers/STM32G4xx_HAL_Driver/Src/stm32g4xx_hal.o
                0x08003cc0                HAL_SYSCFG_DisableVREFBUF
 .text.LL_ADC_SetCommonClock
                0x08003ce0       0x26 ./Drivers/STM32G4xx_HAL_Driver/Src/stm32g4xx_hal_adc.o
 .text.LL_ADC_SetCommonPathInternalCh
                0x08003d06       0x26 ./Drivers/STM32G4xx_HAL_Driver/Src/stm32g4xx_hal_adc.o
 .text.LL_ADC_GetCommonPathInternalCh
                0x08003d2c       0x1c ./Drivers/STM32G4xx_HAL_Driver/Src/stm32g4xx_hal_adc.o
 .text.LL_ADC_SetOffset
                0x08003d48       0x48 ./Drivers/STM32G4xx_HAL_Driver/Src/stm32g4xx_hal_adc.o
 .text.LL_ADC_GetOffsetChannel
                0x08003d90       0x2c ./Drivers/STM32G4xx_HAL_Driver/Src/stm32g4xx_hal_adc.o
 .text.LL_ADC_SetOffsetState
                0x08003dbc       0x36 ./Drivers/STM32G4xx_HAL_Driver/Src/stm32g4xx_hal_adc.o
 .text.LL_ADC_SetOffsetSign
                0x08003df2       0x36 ./Drivers/STM32G4xx_HAL_Driver/Src/stm32g4xx_hal_adc.o
 .text.LL_ADC_SetOffsetSaturation
                0x08003e28       0x36 ./Drivers/STM32G4xx_HAL_Driver/Src/stm32g4xx_hal_adc.o
 .text.LL_ADC_SetSamplingTimeCommonConfig
                0x08003e5e       0x26 ./Drivers/STM32G4xx_HAL_Driver/Src/stm32g4xx_hal_adc.o
 .text.LL_ADC_REG_SetSequencerRanks
                0x08003e84       0x58 ./Drivers/STM32G4xx_HAL_Driver/Src/stm32g4xx_hal_adc.o
 .text.LL_ADC_SetChannelSamplingTime
                0x08003edc       0x56 ./Drivers/STM32G4xx_HAL_Driver/Src/stm32g4xx_hal_adc.o
 *fill*         0x08003f32        0x2 
 .text.LL_ADC_SetChannelSingleDiff
                0x08003f34       0x48 ./Drivers/STM32G4xx_HAL_Driver/Src/stm32g4xx_hal_adc.o
 .text.LL_ADC_DisableDeepPowerDown
                0x08003f7c       0x24 ./Drivers/STM32G4xx_HAL_Driver/Src/stm32g4xx_hal_adc.o
 .text.LL_ADC_IsDeepPowerDownEnabled
                0x08003fa0       0x28 ./Drivers/STM32G4xx_HAL_Driver/Src/stm32g4xx_hal_adc.o
 .text.LL_ADC_EnableInternalRegulator
                0x08003fc8       0x28 ./Drivers/STM32G4xx_HAL_Driver/Src/stm32g4xx_hal_adc.o
 .text.LL_ADC_IsInternalRegulatorEnabled
                0x08003ff0       0x28 ./Drivers/STM32G4xx_HAL_Driver/Src/stm32g4xx_hal_adc.o
 .text.LL_ADC_IsEnabled
                0x08004018       0x26 ./Drivers/STM32G4xx_HAL_Driver/Src/stm32g4xx_hal_adc.o
 .text.LL_ADC_REG_IsConversionOngoing
                0x0800403e       0x26 ./Drivers/STM32G4xx_HAL_Driver/Src/stm32g4xx_hal_adc.o
 .text.LL_ADC_INJ_IsConversionOngoing
                0x08004064       0x26 ./Drivers/STM32G4xx_HAL_Driver/Src/stm32g4xx_hal_adc.o
 *fill*         0x0800408a        0x2 
 .text.HAL_ADC_Init
                0x0800408c      0x35c ./Drivers/STM32G4xx_HAL_Driver/Src/stm32g4xx_hal_adc.o
                0x0800408c                HAL_ADC_Init
 .text.HAL_ADC_ConfigChannel
                0x080043e8      0x858 ./Drivers/STM32G4xx_HAL_Driver/Src/stm32g4xx_hal_adc.o
                0x080043e8                HAL_ADC_ConfigChannel
 .text.LL_ADC_IsEnabled
                0x08004c40       0x26 ./Drivers/STM32G4xx_HAL_Driver/Src/stm32g4xx_hal_adc_ex.o
 .text.LL_ADC_REG_IsConversionOngoing
                0x08004c66       0x26 ./Drivers/STM32G4xx_HAL_Driver/Src/stm32g4xx_hal_adc_ex.o
 .text.HAL_ADCEx_MultiModeConfigChannel
                0x08004c8c      0x1d0 ./Drivers/STM32G4xx_HAL_Driver/Src/stm32g4xx_hal_adc_ex.o
                0x08004c8c                HAL_ADCEx_MultiModeConfigChannel
 .text.HAL_CORDIC_Init
                0x08004e5c       0x62 ./Drivers/STM32G4xx_HAL_Driver/Src/stm32g4xx_hal_cordic.o
                0x08004e5c                HAL_CORDIC_Init
 *fill*         0x08004ebe        0x2 
 .text.__NVIC_SetPriorityGrouping
                0x08004ec0       0x48 ./Drivers/STM32G4xx_HAL_Driver/Src/stm32g4xx_hal_cortex.o
 .text.__NVIC_GetPriorityGrouping
                0x08004f08       0x1c ./Drivers/STM32G4xx_HAL_Driver/Src/stm32g4xx_hal_cortex.o
 .text.__NVIC_EnableIRQ
                0x08004f24       0x3c ./Drivers/STM32G4xx_HAL_Driver/Src/stm32g4xx_hal_cortex.o
 .text.__NVIC_SetPriority
                0x08004f60       0x54 ./Drivers/STM32G4xx_HAL_Driver/Src/stm32g4xx_hal_cortex.o
 .text.NVIC_EncodePriority
                0x08004fb4       0x66 ./Drivers/STM32G4xx_HAL_Driver/Src/stm32g4xx_hal_cortex.o
 .text.HAL_NVIC_SetPriorityGrouping
                0x0800501a       0x16 ./Drivers/STM32G4xx_HAL_Driver/Src/stm32g4xx_hal_cortex.o
                0x0800501a                HAL_NVIC_SetPriorityGrouping
 .text.HAL_NVIC_SetPriority
                0x08005030       0x34 ./Drivers/STM32G4xx_HAL_Driver/Src/stm32g4xx_hal_cortex.o
                0x08005030                HAL_NVIC_SetPriority
 .text.HAL_NVIC_EnableIRQ
                0x08005064       0x1c ./Drivers/STM32G4xx_HAL_Driver/Src/stm32g4xx_hal_cortex.o
                0x08005064                HAL_NVIC_EnableIRQ
 .text.HAL_DMA_Init
                0x08005080      0x150 ./Drivers/STM32G4xx_HAL_Driver/Src/stm32g4xx_hal_dma.o
                0x08005080                HAL_DMA_Init
 .text.HAL_DMA_Abort
                0x080051d0       0xb2 ./Drivers/STM32G4xx_HAL_Driver/Src/stm32g4xx_hal_dma.o
                0x080051d0                HAL_DMA_Abort
 .text.HAL_DMA_Abort_IT
                0x08005282       0xce ./Drivers/STM32G4xx_HAL_Driver/Src/stm32g4xx_hal_dma.o
                0x08005282                HAL_DMA_Abort_IT
 .text.HAL_DMA_IRQHandler
                0x08005350      0x15e ./Drivers/STM32G4xx_HAL_Driver/Src/stm32g4xx_hal_dma.o
                0x08005350                HAL_DMA_IRQHandler
 *fill*         0x080054ae        0x2 
 .text.DMA_CalcDMAMUXChannelBaseAndMask
                0x080054b0       0x7c ./Drivers/STM32G4xx_HAL_Driver/Src/stm32g4xx_hal_dma.o
 .text.DMA_CalcDMAMUXRequestGenBaseAndMask
                0x0800552c       0x48 ./Drivers/STM32G4xx_HAL_Driver/Src/stm32g4xx_hal_dma.o
 .text.HAL_FMAC_Init
                0x08005574       0x82 ./Drivers/STM32G4xx_HAL_Driver/Src/stm32g4xx_hal_fmac.o
                0x08005574                HAL_FMAC_Init
 .text.FMAC_Reset
                0x080055f6       0x5e ./Drivers/STM32G4xx_HAL_Driver/Src/stm32g4xx_hal_fmac.o
 .text.FMAC_ResetDataPointers
                0x08005654       0x1c ./Drivers/STM32G4xx_HAL_Driver/Src/stm32g4xx_hal_fmac.o
 .text.FMAC_ResetInputStateAndDataPointers
                0x08005670       0x2e ./Drivers/STM32G4xx_HAL_Driver/Src/stm32g4xx_hal_fmac.o
 .text.FMAC_ResetOutputStateAndDataPointers
                0x0800569e       0x2e ./Drivers/STM32G4xx_HAL_Driver/Src/stm32g4xx_hal_fmac.o
 .text.HAL_GPIO_Init
                0x080056cc      0x304 ./Drivers/STM32G4xx_HAL_Driver/Src/stm32g4xx_hal_gpio.o
                0x080056cc                HAL_GPIO_Init
 .text.HAL_GPIO_ReadPin
                0x080059d0       0x30 ./Drivers/STM32G4xx_HAL_Driver/Src/stm32g4xx_hal_gpio.o
                0x080059d0                HAL_GPIO_ReadPin
 .text.HAL_GPIO_WritePin
                0x08005a00       0x30 ./Drivers/STM32G4xx_HAL_Driver/Src/stm32g4xx_hal_gpio.o
                0x08005a00                HAL_GPIO_WritePin
 .text.HAL_I2C_Init
                0x08005a30      0x136 ./Drivers/STM32G4xx_HAL_Driver/Src/stm32g4xx_hal_i2c.o
                0x08005a30                HAL_I2C_Init
 .text.HAL_I2CEx_ConfigAnalogFilter
                0x08005b66       0x96 ./Drivers/STM32G4xx_HAL_Driver/Src/stm32g4xx_hal_i2c_ex.o
                0x08005b66                HAL_I2CEx_ConfigAnalogFilter
 .text.HAL_I2CEx_ConfigDigitalFilter
                0x08005bfc       0x98 ./Drivers/STM32G4xx_HAL_Driver/Src/stm32g4xx_hal_i2c_ex.o
                0x08005bfc                HAL_I2CEx_ConfigDigitalFilter
 .text.HAL_PCD_Init
                0x08005c94      0x19c ./Drivers/STM32G4xx_HAL_Driver/Src/stm32g4xx_hal_pcd.o
                0x08005c94                HAL_PCD_Init
 .text.HAL_PCD_Start
                0x08005e30       0x44 ./Drivers/STM32G4xx_HAL_Driver/Src/stm32g4xx_hal_pcd.o
                0x08005e30                HAL_PCD_Start
 .text.HAL_PCD_Stop
                0x08005e74       0x44 ./Drivers/STM32G4xx_HAL_Driver/Src/stm32g4xx_hal_pcd.o
                0x08005e74                HAL_PCD_Stop
 .text.HAL_PCD_IRQHandler
                0x08005eb8      0x24e ./Drivers/STM32G4xx_HAL_Driver/Src/stm32g4xx_hal_pcd.o
                0x08005eb8                HAL_PCD_IRQHandler
 .text.HAL_PCD_SetAddress
                0x08006106       0x48 ./Drivers/STM32G4xx_HAL_Driver/Src/stm32g4xx_hal_pcd.o
                0x08006106                HAL_PCD_SetAddress
 .text.HAL_PCD_EP_Open
                0x0800614e       0xbe ./Drivers/STM32G4xx_HAL_Driver/Src/stm32g4xx_hal_pcd.o
                0x0800614e                HAL_PCD_EP_Open
 .text.HAL_PCD_EP_Receive
                0x0800620c       0x62 ./Drivers/STM32G4xx_HAL_Driver/Src/stm32g4xx_hal_pcd.o
                0x0800620c                HAL_PCD_EP_Receive
 .text.HAL_PCD_EP_Transmit
                0x0800626e       0x6e ./Drivers/STM32G4xx_HAL_Driver/Src/stm32g4xx_hal_pcd.o
                0x0800626e                HAL_PCD_EP_Transmit
 .text.HAL_PCD_EP_SetStall
                0x080062dc       0xa4 ./Drivers/STM32G4xx_HAL_Driver/Src/stm32g4xx_hal_pcd.o
                0x080062dc                HAL_PCD_EP_SetStall
 .text.HAL_PCD_EP_ClrStall
                0x08006380       0xa8 ./Drivers/STM32G4xx_HAL_Driver/Src/stm32g4xx_hal_pcd.o
                0x08006380                HAL_PCD_EP_ClrStall
 .text.PCD_EP_ISR_Handler
                0x08006428      0x68e ./Drivers/STM32G4xx_HAL_Driver/Src/stm32g4xx_hal_pcd.o
 .text.HAL_PCD_EP_DB_Receive
                0x08006ab6      0x212 ./Drivers/STM32G4xx_HAL_Driver/Src/stm32g4xx_hal_pcd.o
 .text.HAL_PCD_EP_DB_Transmit
                0x08006cc8      0x878 ./Drivers/STM32G4xx_HAL_Driver/Src/stm32g4xx_hal_pcd.o
 .text.HAL_PCDEx_PMAConfig
                0x08007540       0x86 ./Drivers/STM32G4xx_HAL_Driver/Src/stm32g4xx_hal_pcd_ex.o
                0x08007540                HAL_PCDEx_PMAConfig
 .text.HAL_PCDEx_ActivateBCD
                0x080075c6       0x74 ./Drivers/STM32G4xx_HAL_Driver/Src/stm32g4xx_hal_pcd_ex.o
                0x080075c6                HAL_PCDEx_ActivateBCD
 .text.HAL_PCDEx_DeActivateBCD
                0x0800763a       0x38 ./Drivers/STM32G4xx_HAL_Driver/Src/stm32g4xx_hal_pcd_ex.o
                0x0800763a                HAL_PCDEx_DeActivateBCD
 .text.HAL_PCDEx_BCD_VBUSDetect
                0x08007672      0x108 ./Drivers/STM32G4xx_HAL_Driver/Src/stm32g4xx_hal_pcd_ex.o
                0x08007672                HAL_PCDEx_BCD_VBUSDetect
 .text.HAL_PCDEx_ActivateLPM
                0x0800777a       0x54 ./Drivers/STM32G4xx_HAL_Driver/Src/stm32g4xx_hal_pcd_ex.o
                0x0800777a                HAL_PCDEx_ActivateLPM
 *fill*         0x080077ce        0x2 
 .text.HAL_PWR_EnableBkUpAccess
                0x080077d0       0x20 ./Drivers/STM32G4xx_HAL_Driver/Src/stm32g4xx_hal_pwr.o
                0x080077d0                HAL_PWR_EnableBkUpAccess
 .text.HAL_PWR_DisableBkUpAccess
                0x080077f0       0x20 ./Drivers/STM32G4xx_HAL_Driver/Src/stm32g4xx_hal_pwr.o
                0x080077f0                HAL_PWR_DisableBkUpAccess
 .text.HAL_PWR_ConfigPVD
                0x08007810       0xc0 ./Drivers/STM32G4xx_HAL_Driver/Src/stm32g4xx_hal_pwr.o
                0x08007810                HAL_PWR_ConfigPVD
 .text.HAL_PWR_EnablePVD
                0x080078d0       0x20 ./Drivers/STM32G4xx_HAL_Driver/Src/stm32g4xx_hal_pwr.o
                0x080078d0                HAL_PWR_EnablePVD
 .text.HAL_PWREx_ControlVoltageScaling
                0x080078f0      0x148 ./Drivers/STM32G4xx_HAL_Driver/Src/stm32g4xx_hal_pwr_ex.o
                0x080078f0                HAL_PWREx_ControlVoltageScaling
 .text.HAL_PWREx_DisableUCPDDeadBattery
                0x08007a38       0x20 ./Drivers/STM32G4xx_HAL_Driver/Src/stm32g4xx_hal_pwr_ex.o
                0x08007a38                HAL_PWREx_DisableUCPDDeadBattery
 .text.HAL_RCC_OscConfig
                0x08007a58      0x624 ./Drivers/STM32G4xx_HAL_Driver/Src/stm32g4xx_hal_rcc.o
                0x08007a58                HAL_RCC_OscConfig
 .text.HAL_RCC_ClockConfig
                0x0800807c      0x278 ./Drivers/STM32G4xx_HAL_Driver/Src/stm32g4xx_hal_rcc.o
                0x0800807c                HAL_RCC_ClockConfig
 .text.HAL_RCC_MCOConfig
                0x080082f4       0x8c ./Drivers/STM32G4xx_HAL_Driver/Src/stm32g4xx_hal_rcc.o
                0x080082f4                HAL_RCC_MCOConfig
 .text.HAL_RCC_GetSysClockFreq
                0x08008380       0xc4 ./Drivers/STM32G4xx_HAL_Driver/Src/stm32g4xx_hal_rcc.o
                0x08008380                HAL_RCC_GetSysClockFreq
 .text.HAL_RCC_GetHCLKFreq
                0x08008444       0x18 ./Drivers/STM32G4xx_HAL_Driver/Src/stm32g4xx_hal_rcc.o
                0x08008444                HAL_RCC_GetHCLKFreq
 .text.HAL_RCC_GetPCLK1Freq
                0x0800845c       0x2c ./Drivers/STM32G4xx_HAL_Driver/Src/stm32g4xx_hal_rcc.o
                0x0800845c                HAL_RCC_GetPCLK1Freq
 .text.HAL_RCC_GetPCLK2Freq
                0x08008488       0x2c ./Drivers/STM32G4xx_HAL_Driver/Src/stm32g4xx_hal_rcc.o
                0x08008488                HAL_RCC_GetPCLK2Freq
 .text.HAL_RCC_GetClockConfig
                0x080084b4       0x64 ./Drivers/STM32G4xx_HAL_Driver/Src/stm32g4xx_hal_rcc.o
                0x080084b4                HAL_RCC_GetClockConfig
 .text.RCC_GetSysClockFreqFromPLLSource
                0x08008518       0x8c ./Drivers/STM32G4xx_HAL_Driver/Src/stm32g4xx_hal_rcc.o
 .text.HAL_RCCEx_PeriphCLKConfig
                0x080085a4      0x478 ./Drivers/STM32G4xx_HAL_Driver/Src/stm32g4xx_hal_rcc_ex.o
                0x080085a4                HAL_RCCEx_PeriphCLKConfig
 .text.HAL_RCCEx_EnableLSCO
                0x08008a1c       0xd4 ./Drivers/STM32G4xx_HAL_Driver/Src/stm32g4xx_hal_rcc_ex.o
                0x08008a1c                HAL_RCCEx_EnableLSCO
 .text.HAL_RCCEx_CRSConfig
                0x08008af0       0x84 ./Drivers/STM32G4xx_HAL_Driver/Src/stm32g4xx_hal_rcc_ex.o
                0x08008af0                HAL_RCCEx_CRSConfig
 .text.HAL_RNG_Init
                0x08008b74       0x6a ./Drivers/STM32G4xx_HAL_Driver/Src/stm32g4xx_hal_rng.o
                0x08008b74                HAL_RNG_Init
 .text.HAL_RTC_Init
                0x08008bde       0xfe ./Drivers/STM32G4xx_HAL_Driver/Src/stm32g4xx_hal_rtc.o
                0x08008bde                HAL_RTC_Init
 .text.HAL_RTC_WaitForSynchro
                0x08008cdc       0x48 ./Drivers/STM32G4xx_HAL_Driver/Src/stm32g4xx_hal_rtc.o
                0x08008cdc                HAL_RTC_WaitForSynchro
 .text.RTC_EnterInitMode
                0x08008d24       0x6c ./Drivers/STM32G4xx_HAL_Driver/Src/stm32g4xx_hal_rtc.o
                0x08008d24                RTC_EnterInitMode
 .text.RTC_ExitInitMode
                0x08008d90       0x86 ./Drivers/STM32G4xx_HAL_Driver/Src/stm32g4xx_hal_rtc.o
                0x08008d90                RTC_ExitInitMode
 .text.HAL_RTCEx_SetRefClock
                0x08008e16       0x88 ./Drivers/STM32G4xx_HAL_Driver/Src/stm32g4xx_hal_rtc_ex.o
                0x08008e16                HAL_RTCEx_SetRefClock
 .text.HAL_SPI_Init
                0x08008e9e      0x156 ./Drivers/STM32G4xx_HAL_Driver/Src/stm32g4xx_hal_spi.o
                0x08008e9e                HAL_SPI_Init
 .text.HAL_SPI_Transmit
                0x08008ff4      0x2ec ./Drivers/STM32G4xx_HAL_Driver/Src/stm32g4xx_hal_spi.o
                0x08008ff4                HAL_SPI_Transmit
 .text.HAL_SPI_Receive
                0x080092e0      0x270 ./Drivers/STM32G4xx_HAL_Driver/Src/stm32g4xx_hal_spi.o
                0x080092e0                HAL_SPI_Receive
 .text.HAL_SPI_TransmitReceive
                0x08009550      0x43e ./Drivers/STM32G4xx_HAL_Driver/Src/stm32g4xx_hal_spi.o
                0x08009550                HAL_SPI_TransmitReceive
 *fill*         0x0800998e        0x2 
 .text.SPI_WaitFlagStateUntilTimeout
                0x08009990      0x110 ./Drivers/STM32G4xx_HAL_Driver/Src/stm32g4xx_hal_spi.o
 .text.SPI_WaitFifoStateUntilTimeout
                0x08009aa0      0x12c ./Drivers/STM32G4xx_HAL_Driver/Src/stm32g4xx_hal_spi.o
 .text.SPI_EndRxTransaction
                0x08009bcc       0xb0 ./Drivers/STM32G4xx_HAL_Driver/Src/stm32g4xx_hal_spi.o
 .text.SPI_EndRxTxTransaction
                0x08009c7c       0x8c ./Drivers/STM32G4xx_HAL_Driver/Src/stm32g4xx_hal_spi.o
 .text.HAL_TIM_Base_Init
                0x08009d08       0xae ./Drivers/STM32G4xx_HAL_Driver/Src/stm32g4xx_hal_tim.o
                0x08009d08                HAL_TIM_Base_Init
 *fill*         0x08009db6        0x2 
 .text.HAL_TIM_Base_Start_IT
                0x08009db8       0xe0 ./Drivers/STM32G4xx_HAL_Driver/Src/stm32g4xx_hal_tim.o
                0x08009db8                HAL_TIM_Base_Start_IT
 .text.HAL_TIM_PWM_Init
                0x08009e98       0xae ./Drivers/STM32G4xx_HAL_Driver/Src/stm32g4xx_hal_tim.o
                0x08009e98                HAL_TIM_PWM_Init
 .text.HAL_TIM_Encoder_Init
                0x08009f46      0x14c ./Drivers/STM32G4xx_HAL_Driver/Src/stm32g4xx_hal_tim.o
                0x08009f46                HAL_TIM_Encoder_Init
 .text.HAL_TIM_IRQHandler
                0x0800a092      0x29e ./Drivers/STM32G4xx_HAL_Driver/Src/stm32g4xx_hal_tim.o
                0x0800a092                HAL_TIM_IRQHandler
 .text.HAL_TIM_PWM_ConfigChannel
                0x0800a330      0x228 ./Drivers/STM32G4xx_HAL_Driver/Src/stm32g4xx_hal_tim.o
                0x0800a330                HAL_TIM_PWM_ConfigChannel
 .text.HAL_TIM_ConfigClockSource
                0x0800a558      0x208 ./Drivers/STM32G4xx_HAL_Driver/Src/stm32g4xx_hal_tim.o
                0x0800a558                HAL_TIM_ConfigClockSource
 .text.HAL_TIM_OC_DelayElapsedCallback
                0x0800a760       0x14 ./Drivers/STM32G4xx_HAL_Driver/Src/stm32g4xx_hal_tim.o
                0x0800a760                HAL_TIM_OC_DelayElapsedCallback
 .text.HAL_TIM_IC_CaptureCallback
                0x0800a774       0x14 ./Drivers/STM32G4xx_HAL_Driver/Src/stm32g4xx_hal_tim.o
                0x0800a774                HAL_TIM_IC_CaptureCallback
 .text.HAL_TIM_PWM_PulseFinishedCallback
                0x0800a788       0x14 ./Drivers/STM32G4xx_HAL_Driver/Src/stm32g4xx_hal_tim.o
                0x0800a788                HAL_TIM_PWM_PulseFinishedCallback
 .text.HAL_TIM_TriggerCallback
                0x0800a79c       0x14 ./Drivers/STM32G4xx_HAL_Driver/Src/stm32g4xx_hal_tim.o
                0x0800a79c                HAL_TIM_TriggerCallback
 .text.TIM_Base_SetConfig
                0x0800a7b0      0x154 ./Drivers/STM32G4xx_HAL_Driver/Src/stm32g4xx_hal_tim.o
                0x0800a7b0                TIM_Base_SetConfig
 .text.TIM_OC1_SetConfig
                0x0800a904      0x134 ./Drivers/STM32G4xx_HAL_Driver/Src/stm32g4xx_hal_tim.o
 .text.TIM_OC2_SetConfig
                0x0800aa38      0x128 ./Drivers/STM32G4xx_HAL_Driver/Src/stm32g4xx_hal_tim.o
                0x0800aa38                TIM_OC2_SetConfig
 .text.TIM_OC3_SetConfig
                0x0800ab60      0x124 ./Drivers/STM32G4xx_HAL_Driver/Src/stm32g4xx_hal_tim.o
 .text.TIM_OC4_SetConfig
                0x0800ac84      0x128 ./Drivers/STM32G4xx_HAL_Driver/Src/stm32g4xx_hal_tim.o
 .text.TIM_OC5_SetConfig
                0x0800adac       0xd4 ./Drivers/STM32G4xx_HAL_Driver/Src/stm32g4xx_hal_tim.o
 .text.TIM_OC6_SetConfig
                0x0800ae80       0xd8 ./Drivers/STM32G4xx_HAL_Driver/Src/stm32g4xx_hal_tim.o
 .text.TIM_TI1_ConfigInputStage
                0x0800af58       0x5e ./Drivers/STM32G4xx_HAL_Driver/Src/stm32g4xx_hal_tim.o
 .text.TIM_TI2_ConfigInputStage
                0x0800afb6       0x60 ./Drivers/STM32G4xx_HAL_Driver/Src/stm32g4xx_hal_tim.o
 .text.TIM_ITRx_SetConfig
                0x0800b016       0x3a ./Drivers/STM32G4xx_HAL_Driver/Src/stm32g4xx_hal_tim.o
 .text.TIM_ETR_SetConfig
                0x0800b050       0x40 ./Drivers/STM32G4xx_HAL_Driver/Src/stm32g4xx_hal_tim.o
                0x0800b050                TIM_ETR_SetConfig
 .text.HAL_TIMEx_MasterConfigSynchronization
                0x0800b090      0x11c ./Drivers/STM32G4xx_HAL_Driver/Src/stm32g4xx_hal_tim_ex.o
                0x0800b090                HAL_TIMEx_MasterConfigSynchronization
 .text.HAL_TIMEx_ConfigBreakDeadTime
                0x0800b1ac      0x128 ./Drivers/STM32G4xx_HAL_Driver/Src/stm32g4xx_hal_tim_ex.o
                0x0800b1ac                HAL_TIMEx_ConfigBreakDeadTime
 .text.HAL_TIMEx_ConfigEncoderIndex
                0x0800b2d4       0x76 ./Drivers/STM32G4xx_HAL_Driver/Src/stm32g4xx_hal_tim_ex.o
                0x0800b2d4                HAL_TIMEx_ConfigEncoderIndex
 .text.HAL_TIMEx_CommutCallback
                0x0800b34a       0x14 ./Drivers/STM32G4xx_HAL_Driver/Src/stm32g4xx_hal_tim_ex.o
                0x0800b34a                HAL_TIMEx_CommutCallback
 .text.HAL_TIMEx_BreakCallback
                0x0800b35e       0x14 ./Drivers/STM32G4xx_HAL_Driver/Src/stm32g4xx_hal_tim_ex.o
                0x0800b35e                HAL_TIMEx_BreakCallback
 .text.HAL_TIMEx_Break2Callback
                0x0800b372       0x14 ./Drivers/STM32G4xx_HAL_Driver/Src/stm32g4xx_hal_tim_ex.o
                0x0800b372                HAL_TIMEx_Break2Callback
 .text.HAL_TIMEx_EncoderIndexCallback
                0x0800b386       0x14 ./Drivers/STM32G4xx_HAL_Driver/Src/stm32g4xx_hal_tim_ex.o
                0x0800b386                HAL_TIMEx_EncoderIndexCallback
 .text.HAL_TIMEx_DirectionChangeCallback
                0x0800b39a       0x14 ./Drivers/STM32G4xx_HAL_Driver/Src/stm32g4xx_hal_tim_ex.o
                0x0800b39a                HAL_TIMEx_DirectionChangeCallback
 .text.HAL_TIMEx_IndexErrorCallback
                0x0800b3ae       0x14 ./Drivers/STM32G4xx_HAL_Driver/Src/stm32g4xx_hal_tim_ex.o
                0x0800b3ae                HAL_TIMEx_IndexErrorCallback
 .text.HAL_TIMEx_TransitionErrorCallback
                0x0800b3c2       0x14 ./Drivers/STM32G4xx_HAL_Driver/Src/stm32g4xx_hal_tim_ex.o
                0x0800b3c2                HAL_TIMEx_TransitionErrorCallback
 .text.HAL_UART_Init
                0x0800b3d6       0xa0 ./Drivers/STM32G4xx_HAL_Driver/Src/stm32g4xx_hal_uart.o
                0x0800b3d6                HAL_UART_Init
 .text.HAL_UART_Transmit
                0x0800b476      0x11c ./Drivers/STM32G4xx_HAL_Driver/Src/stm32g4xx_hal_uart.o
                0x0800b476                HAL_UART_Transmit
 *fill*         0x0800b592        0x2 
 .text.HAL_UART_IRQHandler
                0x0800b594      0x684 ./Drivers/STM32G4xx_HAL_Driver/Src/stm32g4xx_hal_uart.o
                0x0800b594                HAL_UART_IRQHandler
 .text.HAL_UART_TxCpltCallback
                0x0800bc18       0x14 ./Drivers/STM32G4xx_HAL_Driver/Src/stm32g4xx_hal_uart.o
                0x0800bc18                HAL_UART_TxCpltCallback
 .text.HAL_UART_ErrorCallback
                0x0800bc2c       0x14 ./Drivers/STM32G4xx_HAL_Driver/Src/stm32g4xx_hal_uart.o
                0x0800bc2c                HAL_UART_ErrorCallback
 .text.HAL_UARTEx_RxEventCallback
                0x0800bc40       0x18 ./Drivers/STM32G4xx_HAL_Driver/Src/stm32g4xx_hal_uart.o
                0x0800bc40                HAL_UARTEx_RxEventCallback
 .text.UART_SetConfig
                0x0800bc58      0x5f8 ./Drivers/STM32G4xx_HAL_Driver/Src/stm32g4xx_hal_uart.o
                0x0800bc58                UART_SetConfig
 .text.UART_AdvFeatureConfig
                0x0800c250      0x144 ./Drivers/STM32G4xx_HAL_Driver/Src/stm32g4xx_hal_uart.o
                0x0800c250                UART_AdvFeatureConfig
 .text.UART_CheckIdleState
                0x0800c394      0x154 ./Drivers/STM32G4xx_HAL_Driver/Src/stm32g4xx_hal_uart.o
                0x0800c394                UART_CheckIdleState
 .text.UART_WaitOnFlagUntilTimeout
                0x0800c4e8       0xda ./Drivers/STM32G4xx_HAL_Driver/Src/stm32g4xx_hal_uart.o
                0x0800c4e8                UART_WaitOnFlagUntilTimeout
 .text.UART_EndRxTransfer
                0x0800c5c2       0xcc ./Drivers/STM32G4xx_HAL_Driver/Src/stm32g4xx_hal_uart.o
 .text.UART_DMAAbortOnError
                0x0800c68e       0x24 ./Drivers/STM32G4xx_HAL_Driver/Src/stm32g4xx_hal_uart.o
 .text.UART_EndTransmit_IT
                0x0800c6b2       0x56 ./Drivers/STM32G4xx_HAL_Driver/Src/stm32g4xx_hal_uart.o
 .text.HAL_UARTEx_WakeupCallback
                0x0800c708       0x14 ./Drivers/STM32G4xx_HAL_Driver/Src/stm32g4xx_hal_uart_ex.o
                0x0800c708                HAL_UARTEx_WakeupCallback
 .text.HAL_UARTEx_RxFifoFullCallback
                0x0800c71c       0x14 ./Drivers/STM32G4xx_HAL_Driver/Src/stm32g4xx_hal_uart_ex.o
                0x0800c71c                HAL_UARTEx_RxFifoFullCallback
 .text.HAL_UARTEx_TxFifoEmptyCallback
                0x0800c730       0x14 ./Drivers/STM32G4xx_HAL_Driver/Src/stm32g4xx_hal_uart_ex.o
                0x0800c730                HAL_UARTEx_TxFifoEmptyCallback
 .text.HAL_UARTEx_DisableFifoMode
                0x0800c744       0x72 ./Drivers/STM32G4xx_HAL_Driver/Src/stm32g4xx_hal_uart_ex.o
                0x0800c744                HAL_UARTEx_DisableFifoMode
 .text.HAL_UARTEx_SetTxFifoThreshold
                0x0800c7b6       0x7c ./Drivers/STM32G4xx_HAL_Driver/Src/stm32g4xx_hal_uart_ex.o
                0x0800c7b6                HAL_UARTEx_SetTxFifoThreshold
 .text.HAL_UARTEx_SetRxFifoThreshold
                0x0800c832       0x7c ./Drivers/STM32G4xx_HAL_Driver/Src/stm32g4xx_hal_uart_ex.o
                0x0800c832                HAL_UARTEx_SetRxFifoThreshold
 *fill*         0x0800c8ae        0x2 
 .text.UARTEx_SetNbDataToProcess
                0x0800c8b0       0x9c ./Drivers/STM32G4xx_HAL_Driver/Src/stm32g4xx_hal_uart_ex.o
 .text.USB_EnableGlobalInt
                0x0800c94c       0x2e ./Drivers/STM32G4xx_HAL_Driver/Src/stm32g4xx_ll_usb.o
                0x0800c94c                USB_EnableGlobalInt
 .text.USB_DisableGlobalInt
                0x0800c97a       0x36 ./Drivers/STM32G4xx_HAL_Driver/Src/stm32g4xx_ll_usb.o
                0x0800c97a                USB_DisableGlobalInt
 .text.USB_DevInit
                0x0800c9b0       0x3c ./Drivers/STM32G4xx_HAL_Driver/Src/stm32g4xx_ll_usb.o
                0x0800c9b0                USB_DevInit
 .text.USB_ActivateEndpoint
                0x0800c9ec      0x9d0 ./Drivers/STM32G4xx_HAL_Driver/Src/stm32g4xx_ll_usb.o
                0x0800c9ec                USB_ActivateEndpoint
 .text.USB_EPStartXfer
                0x0800d3bc      0xb5e ./Drivers/STM32G4xx_HAL_Driver/Src/stm32g4xx_ll_usb.o
                0x0800d3bc                USB_EPStartXfer
 .text.USB_EPSetStall
                0x0800df1a       0xa2 ./Drivers/STM32G4xx_HAL_Driver/Src/stm32g4xx_ll_usb.o
                0x0800df1a                USB_EPSetStall
 .text.USB_EPClearStall
                0x0800dfbc      0x152 ./Drivers/STM32G4xx_HAL_Driver/Src/stm32g4xx_ll_usb.o
                0x0800dfbc                USB_EPClearStall
 .text.USB_SetDevAddress
                0x0800e10e       0x28 ./Drivers/STM32G4xx_HAL_Driver/Src/stm32g4xx_ll_usb.o
                0x0800e10e                USB_SetDevAddress
 .text.USB_DevConnect
                0x0800e136       0x2e ./Drivers/STM32G4xx_HAL_Driver/Src/stm32g4xx_ll_usb.o
                0x0800e136                USB_DevConnect
 .text.USB_DevDisconnect
                0x0800e164       0x2a ./Drivers/STM32G4xx_HAL_Driver/Src/stm32g4xx_ll_usb.o
                0x0800e164                USB_DevDisconnect
 .text.USB_ReadInterrupts
                0x0800e18e       0x20 ./Drivers/STM32G4xx_HAL_Driver/Src/stm32g4xx_ll_usb.o
                0x0800e18e                USB_ReadInterrupts
 .text.USB_WritePMA
                0x0800e1ae       0x86 ./Drivers/STM32G4xx_HAL_Driver/Src/stm32g4xx_ll_usb.o
                0x0800e1ae                USB_WritePMA
 .text.USB_ReadPMA
                0x0800e234       0x98 ./Drivers/STM32G4xx_HAL_Driver/Src/stm32g4xx_ll_usb.o
                0x0800e234                USB_ReadPMA
 .text.__NVIC_SystemReset
                0x0800e2cc       0x2c ./Middlewares/ST/STM32_USB_Device_Library/Class/DFU/Src/usbd_dfu.o
 .text.USBD_DFU_Init
                0x0800e2f8       0xb0 ./Middlewares/ST/STM32_USB_Device_Library/Class/DFU/Src/usbd_dfu.o
 .text.USBD_DFU_DeInit
                0x0800e3a8       0x72 ./Middlewares/ST/STM32_USB_Device_Library/Class/DFU/Src/usbd_dfu.o
 *fill*         0x0800e41a        0x2 
 .text.USBD_DFU_Setup
                0x0800e41c      0x1e4 ./Middlewares/ST/STM32_USB_Device_Library/Class/DFU/Src/usbd_dfu.o
 .text.USBD_DFU_GetCfgDesc
                0x0800e600       0x20 ./Middlewares/ST/STM32_USB_Device_Library/Class/DFU/Src/usbd_dfu.o
 .text.USBD_DFU_EP0_RxReady
                0x0800e620       0x16 ./Middlewares/ST/STM32_USB_Device_Library/Class/DFU/Src/usbd_dfu.o
 .text.USBD_DFU_EP0_TxReady
                0x0800e636      0x1c8 ./Middlewares/ST/STM32_USB_Device_Library/Class/DFU/Src/usbd_dfu.o
 .text.USBD_DFU_SOF
                0x0800e7fe       0x16 ./Middlewares/ST/STM32_USB_Device_Library/Class/DFU/Src/usbd_dfu.o
 .text.USBD_DFU_GetDeviceQualifierDesc
                0x0800e814       0x20 ./Middlewares/ST/STM32_USB_Device_Library/Class/DFU/Src/usbd_dfu.o
 .text.USBD_DFU_GetUsrStringDesc
                0x0800e834       0x3c ./Middlewares/ST/STM32_USB_Device_Library/Class/DFU/Src/usbd_dfu.o
 .text.USBD_DFU_RegisterMedia
                0x0800e870       0x2a ./Middlewares/ST/STM32_USB_Device_Library/Class/DFU/Src/usbd_dfu.o
                0x0800e870                USBD_DFU_RegisterMedia
 *fill*         0x0800e89a        0x2 
 .text.DFU_Detach
                0x0800e89c       0xc8 ./Middlewares/ST/STM32_USB_Device_Library/Class/DFU/Src/usbd_dfu.o
 .text.DFU_Download
                0x0800e964       0xd8 ./Middlewares/ST/STM32_USB_Device_Library/Class/DFU/Src/usbd_dfu.o
 .text.DFU_Upload
                0x0800ea3c      0x1b2 ./Middlewares/ST/STM32_USB_Device_Library/Class/DFU/Src/usbd_dfu.o
 *fill*         0x0800ebee        0x2 
 .text.DFU_GetStatus
                0x0800ebf0      0x16c ./Middlewares/ST/STM32_USB_Device_Library/Class/DFU/Src/usbd_dfu.o
 .text.DFU_ClearStatus
                0x0800ed5c       0xa8 ./Middlewares/ST/STM32_USB_Device_Library/Class/DFU/Src/usbd_dfu.o
 .text.DFU_GetState
                0x0800ee04       0x30 ./Middlewares/ST/STM32_USB_Device_Library/Class/DFU/Src/usbd_dfu.o
 .text.DFU_Abort
                0x0800ee34       0xa2 ./Middlewares/ST/STM32_USB_Device_Library/Class/DFU/Src/usbd_dfu.o
 *fill*         0x0800eed6        0x2 
 .text.DFU_Leave
                0x0800eed8       0x9c ./Middlewares/ST/STM32_USB_Device_Library/Class/DFU/Src/usbd_dfu.o
 .text.USBD_Init
                0x0800ef74       0x60 ./Middlewares/ST/STM32_USB_Device_Library/Core/Src/usbd_core.o
                0x0800ef74                USBD_Init
 .text.USBD_RegisterClass
                0x0800efd4       0x4e ./Middlewares/ST/STM32_USB_Device_Library/Core/Src/usbd_core.o
                0x0800efd4                USBD_RegisterClass
 .text.USBD_Start
                0x0800f022       0x18 ./Middlewares/ST/STM32_USB_Device_Library/Core/Src/usbd_core.o
                0x0800f022                USBD_Start
 .text.USBD_Stop
                0x0800f03a       0x36 ./Middlewares/ST/STM32_USB_Device_Library/Core/Src/usbd_core.o
                0x0800f03a                USBD_Stop
 .text.USBD_RunTestMode
                0x0800f070       0x16 ./Middlewares/ST/STM32_USB_Device_Library/Core/Src/usbd_core.o
                0x0800f070                USBD_RunTestMode
 .text.USBD_SetClassConfig
                0x0800f086       0x38 ./Middlewares/ST/STM32_USB_Device_Library/Core/Src/usbd_core.o
                0x0800f086                USBD_SetClassConfig
 .text.USBD_ClrClassConfig
                0x0800f0be       0x30 ./Middlewares/ST/STM32_USB_Device_Library/Core/Src/usbd_core.o
                0x0800f0be                USBD_ClrClassConfig
 .text.USBD_LL_SetupStage
                0x0800f0ee       0xaa ./Middlewares/ST/STM32_USB_Device_Library/Core/Src/usbd_core.o
                0x0800f0ee                USBD_LL_SetupStage
 .text.USBD_LL_DataOutStage
                0x0800f198       0xc6 ./Middlewares/ST/STM32_USB_Device_Library/Core/Src/usbd_core.o
                0x0800f198                USBD_LL_DataOutStage
 .text.USBD_LL_DataInStage
                0x0800f25e      0x12c ./Middlewares/ST/STM32_USB_Device_Library/Core/Src/usbd_core.o
                0x0800f25e                USBD_LL_DataInStage
 .text.USBD_LL_Reset
                0x0800f38a       0x9c ./Middlewares/ST/STM32_USB_Device_Library/Core/Src/usbd_core.o
                0x0800f38a                USBD_LL_Reset
 .text.USBD_LL_SetSpeed
                0x0800f426       0x20 ./Middlewares/ST/STM32_USB_Device_Library/Core/Src/usbd_core.o
                0x0800f426                USBD_LL_SetSpeed
 .text.USBD_LL_Suspend
                0x0800f446       0x2c ./Middlewares/ST/STM32_USB_Device_Library/Core/Src/usbd_core.o
                0x0800f446                USBD_LL_Suspend
 .text.USBD_LL_Resume
                0x0800f472       0x30 ./Middlewares/ST/STM32_USB_Device_Library/Core/Src/usbd_core.o
                0x0800f472                USBD_LL_Resume
 .text.USBD_LL_SOF
                0x0800f4a2       0x44 ./Middlewares/ST/STM32_USB_Device_Library/Core/Src/usbd_core.o
                0x0800f4a2                USBD_LL_SOF
 .text.SWAPBYTE
                0x0800f4e6       0x3e ./Middlewares/ST/STM32_USB_Device_Library/Core/Src/usbd_ctlreq.o
 .text.USBD_StdDevReq
                0x0800f524       0xdc ./Middlewares/ST/STM32_USB_Device_Library/Core/Src/usbd_ctlreq.o
                0x0800f524                USBD_StdDevReq
 .text.USBD_StdItfReq
                0x0800f600       0x92 ./Middlewares/ST/STM32_USB_Device_Library/Core/Src/usbd_ctlreq.o
                0x0800f600                USBD_StdItfReq
 .text.USBD_StdEPReq
                0x0800f692      0x2c4 ./Middlewares/ST/STM32_USB_Device_Library/Core/Src/usbd_ctlreq.o
                0x0800f692                USBD_StdEPReq
 *fill*         0x0800f956        0x2 
 .text.USBD_GetDescriptor
                0x0800f958      0x34c ./Middlewares/ST/STM32_USB_Device_Library/Core/Src/usbd_ctlreq.o
 .text.USBD_SetAddress
                0x0800fca4       0x88 ./Middlewares/ST/STM32_USB_Device_Library/Core/Src/usbd_ctlreq.o
 .text.USBD_SetConfig
                0x0800fd2c      0x14c ./Middlewares/ST/STM32_USB_Device_Library/Core/Src/usbd_ctlreq.o
 .text.USBD_GetConfig
                0x0800fe78       0x6c ./Middlewares/ST/STM32_USB_Device_Library/Core/Src/usbd_ctlreq.o
 .text.USBD_GetStatus
                0x0800fee4       0x68 ./Middlewares/ST/STM32_USB_Device_Library/Core/Src/usbd_ctlreq.o
 .text.USBD_SetFeature
                0x0800ff4c       0x28 ./Middlewares/ST/STM32_USB_Device_Library/Core/Src/usbd_ctlreq.o
 .text.USBD_ClrFeature
                0x0800ff74       0x44 ./Middlewares/ST/STM32_USB_Device_Library/Core/Src/usbd_ctlreq.o
 .text.USBD_ParseSetupRequest
                0x0800ffb8       0x74 ./Middlewares/ST/STM32_USB_Device_Library/Core/Src/usbd_ctlreq.o
                0x0800ffb8                USBD_ParseSetupRequest
 .text.USBD_CtlError
                0x0801002c       0x22 ./Middlewares/ST/STM32_USB_Device_Library/Core/Src/usbd_ctlreq.o
                0x0801002c                USBD_CtlError
 .text.USBD_GetString
                0x0801004e       0x8c ./Middlewares/ST/STM32_USB_Device_Library/Core/Src/usbd_ctlreq.o
                0x0801004e                USBD_GetString
 .text.USBD_GetLen
                0x080100da       0x34 ./Middlewares/ST/STM32_USB_Device_Library/Core/Src/usbd_ctlreq.o
 .text.USBD_CtlSendData
                0x0801010e       0x36 ./Middlewares/ST/STM32_USB_Device_Library/Core/Src/usbd_ioreq.o
                0x0801010e                USBD_CtlSendData
 .text.USBD_CtlContinueSendData
                0x08010144       0x22 ./Middlewares/ST/STM32_USB_Device_Library/Core/Src/usbd_ioreq.o
                0x08010144                USBD_CtlContinueSendData
 .text.USBD_CtlPrepareRx
                0x08010166       0x3a ./Middlewares/ST/STM32_USB_Device_Library/Core/Src/usbd_ioreq.o
                0x08010166                USBD_CtlPrepareRx
 .text.USBD_CtlContinueRx
                0x080101a0       0x22 ./Middlewares/ST/STM32_USB_Device_Library/Core/Src/usbd_ioreq.o
                0x080101a0                USBD_CtlContinueRx
 .text.USBD_CtlSendStatus
                0x080101c2       0x26 ./Middlewares/ST/STM32_USB_Device_Library/Core/Src/usbd_ioreq.o
                0x080101c2                USBD_CtlSendStatus
 .text.USBD_CtlReceiveStatus
                0x080101e8       0x26 ./Middlewares/ST/STM32_USB_Device_Library/Core/Src/usbd_ioreq.o
                0x080101e8                USBD_CtlReceiveStatus
 *fill*         0x0801020e        0x2 
 .text.MX_USB_Device_Init
                0x08010210       0x60 ./USB_Device/App/usb_device.o
                0x08010210                MX_USB_Device_Init
 .text.USBD_DFU_DeviceDescriptor
                0x08010270       0x24 ./USB_Device/App/usbd_desc.o
                0x08010270                USBD_DFU_DeviceDescriptor
 .text.USBD_DFU_LangIDStrDescriptor
                0x08010294       0x24 ./USB_Device/App/usbd_desc.o
                0x08010294                USBD_DFU_LangIDStrDescriptor
 .text.USBD_DFU_ProductStrDescriptor
                0x080102b8       0x3c ./USB_Device/App/usbd_desc.o
                0x080102b8                USBD_DFU_ProductStrDescriptor
 .text.USBD_DFU_ManufacturerStrDescriptor
                0x080102f4       0x28 ./USB_Device/App/usbd_desc.o
                0x080102f4                USBD_DFU_ManufacturerStrDescriptor
 .text.USBD_DFU_SerialStrDescriptor
                0x0801031c       0x24 ./USB_Device/App/usbd_desc.o
                0x0801031c                USBD_DFU_SerialStrDescriptor
 .text.USBD_DFU_ConfigStrDescriptor
                0x08010340       0x3c ./USB_Device/App/usbd_desc.o
                0x08010340                USBD_DFU_ConfigStrDescriptor
 .text.USBD_DFU_InterfaceStrDescriptor
                0x0801037c       0x3c ./USB_Device/App/usbd_desc.o
                0x0801037c                USBD_DFU_InterfaceStrDescriptor
 .text.Get_SerialNum
                0x080103b8       0x58 ./USB_Device/App/usbd_desc.o
 .text.IntToUnicode
                0x08010410       0x7e ./USB_Device/App/usbd_desc.o
 .text.FLASH_If_Init
                0x0801048e       0x10 ./USB_Device/App/usbd_dfu_flash.o
 .text.FLASH_If_DeInit
                0x0801049e       0x10 ./USB_Device/App/usbd_dfu_flash.o
 .text.FLASH_If_Erase
                0x080104ae       0x16 ./USB_Device/App/usbd_dfu_flash.o
 .text.FLASH_If_Write
                0x080104c4       0x1a ./USB_Device/App/usbd_dfu_flash.o
 .text.FLASH_If_Read
                0x080104de       0x1c ./USB_Device/App/usbd_dfu_flash.o
 .text.FLASH_If_GetStatus
                0x080104fa       0x22 ./USB_Device/App/usbd_dfu_flash.o
 .text.HAL_PCD_MspInit
                0x0801051c       0x78 ./USB_Device/Target/usbd_conf.o
                0x0801051c                HAL_PCD_MspInit
 .text.HAL_PCD_SetupStageCallback
                0x08010594       0x24 ./USB_Device/Target/usbd_conf.o
                0x08010594                HAL_PCD_SetupStageCallback
 .text.HAL_PCD_DataOutStageCallback
                0x080105b8       0x36 ./USB_Device/Target/usbd_conf.o
                0x080105b8                HAL_PCD_DataOutStageCallback
 .text.HAL_PCD_DataInStageCallback
                0x080105ee       0x34 ./USB_Device/Target/usbd_conf.o
                0x080105ee                HAL_PCD_DataInStageCallback
 .text.HAL_PCD_SOFCallback
                0x08010622       0x1c ./USB_Device/Target/usbd_conf.o
                0x08010622                HAL_PCD_SOFCallback
 .text.HAL_PCD_ResetCallback
                0x0801063e       0x3c ./USB_Device/Target/usbd_conf.o
                0x0801063e                HAL_PCD_ResetCallback
 *fill*         0x0801067a        0x2 
 .text.HAL_PCD_SuspendCallback
                0x0801067c       0x34 ./USB_Device/Target/usbd_conf.o
                0x0801067c                HAL_PCD_SuspendCallback
 .text.HAL_PCD_ResumeCallback
                0x080106b0       0x38 ./USB_Device/Target/usbd_conf.o
                0x080106b0                HAL_PCD_ResumeCallback
 .text.HAL_PCDEx_BCD_Callback
                0x080106e8       0x90 ./USB_Device/Target/usbd_conf.o
                0x080106e8                HAL_PCDEx_BCD_Callback
 .text.USBD_LL_Init
                0x08010778       0x8c ./USB_Device/Target/usbd_conf.o
                0x08010778                USBD_LL_Init
 .text.USBD_LL_Start
                0x08010804       0x36 ./USB_Device/Target/usbd_conf.o
                0x08010804                USBD_LL_Start
 .text.USBD_LL_Stop
                0x0801083a       0x36 ./USB_Device/Target/usbd_conf.o
                0x0801083a                USBD_LL_Stop
 .text.USBD_LL_OpenEP
                0x08010870       0x4c ./USB_Device/Target/usbd_conf.o
                0x08010870                USBD_LL_OpenEP
 .text.USBD_LL_StallEP
                0x080108bc       0x3e ./USB_Device/Target/usbd_conf.o
                0x080108bc                USBD_LL_StallEP
 .text.USBD_LL_ClearStallEP
                0x080108fa       0x3e ./USB_Device/Target/usbd_conf.o
                0x080108fa                USBD_LL_ClearStallEP
 .text.USBD_LL_IsStallEP
                0x08010938       0x58 ./USB_Device/Target/usbd_conf.o
                0x08010938                USBD_LL_IsStallEP
 .text.USBD_LL_SetUSBAddress
                0x08010990       0x3e ./USB_Device/Target/usbd_conf.o
                0x08010990                USBD_LL_SetUSBAddress
 .text.USBD_LL_Transmit
                0x080109ce       0x42 ./USB_Device/Target/usbd_conf.o
                0x080109ce                USBD_LL_Transmit
 .text.USBD_LL_PrepareReceive
                0x08010a10       0x42 ./USB_Device/Target/usbd_conf.o
                0x08010a10                USBD_LL_PrepareReceive
 *fill*         0x08010a52        0x2 
 .text.USBD_LL_BatterryCharging
                0x08010a54       0x44 ./USB_Device/Target/usbd_conf.o
                0x08010a54                USBD_LL_BatterryCharging
 .text.HAL_PCDEx_LPM_Callback
                0x08010a98       0x6c ./USB_Device/Target/usbd_conf.o
                0x08010a98                HAL_PCDEx_LPM_Callback
 .text.USBD_static_malloc
                0x08010b04       0x1c ./USB_Device/Target/usbd_conf.o
                0x08010b04                USBD_static_malloc
 .text.USBD_static_free
                0x08010b20       0x14 ./USB_Device/Target/usbd_conf.o
                0x08010b20                USBD_static_free
 .text.SystemClockConfig_Resume
                0x08010b34        0xc ./USB_Device/Target/usbd_conf.o
 .text.USBD_Get_USB_Status
                0x08010b40       0x58 ./USB_Device/Target/usbd_conf.o
 .text.malloc   0x08010b98       0x10 C:/ST/STM32CubeIDE_1.15.0/STM32CubeIDE/plugins/com.st.stm32cube.ide.mcu.externaltools.gnu-tools-for-stm32.13.3.rel1.win32_1.0.0.202411081344/tools/bin/../lib/gcc/arm-none-eabi/13.3.1/../../../../arm-none-eabi/lib/thumb/v7e-m+fp/hard\libc_nano.a(libc_a-malloc.o)
                0x08010b98                malloc
 .text.sbrk_aligned
                0x08010ba8       0x44 C:/ST/STM32CubeIDE_1.15.0/STM32CubeIDE/plugins/com.st.stm32cube.ide.mcu.externaltools.gnu-tools-for-stm32.13.3.rel1.win32_1.0.0.202411081344/tools/bin/../lib/gcc/arm-none-eabi/13.3.1/../../../../arm-none-eabi/lib/thumb/v7e-m+fp/hard\libc_nano.a(libc_a-mallocr.o)
 .text._malloc_r
                0x08010bec      0x100 C:/ST/STM32CubeIDE_1.15.0/STM32CubeIDE/plugins/com.st.stm32cube.ide.mcu.externaltools.gnu-tools-for-stm32.13.3.rel1.win32_1.0.0.202411081344/tools/bin/../lib/gcc/arm-none-eabi/13.3.1/../../../../arm-none-eabi/lib/thumb/v7e-m+fp/hard\libc_nano.a(libc_a-mallocr.o)
                0x08010bec                _malloc_r
 .text.__malloc_lock
                0x08010cec        0xc C:/ST/STM32CubeIDE_1.15.0/STM32CubeIDE/plugins/com.st.stm32cube.ide.mcu.externaltools.gnu-tools-for-stm32.13.3.rel1.win32_1.0.0.202411081344/tools/bin/../lib/gcc/arm-none-eabi/13.3.1/../../../../arm-none-eabi/lib/thumb/v7e-m+fp/hard\libc_nano.a(libc_a-mlock.o)
                0x08010cec                __malloc_lock
 .text.__malloc_unlock
                0x08010cf8        0xc C:/ST/STM32CubeIDE_1.15.0/STM32CubeIDE/plugins/com.st.stm32cube.ide.mcu.externaltools.gnu-tools-for-stm32.13.3.rel1.win32_1.0.0.202411081344/tools/bin/../lib/gcc/arm-none-eabi/13.3.1/../../../../arm-none-eabi/lib/thumb/v7e-m+fp/hard\libc_nano.a(libc_a-mlock.o)
                0x08010cf8                __malloc_unlock
 .text.rand     0x08010d04       0x7c C:/ST/STM32CubeIDE_1.15.0/STM32CubeIDE/plugins/com.st.stm32cube.ide.mcu.externaltools.gnu-tools-for-stm32.13.3.rel1.win32_1.0.0.202411081344/tools/bin/../lib/gcc/arm-none-eabi/13.3.1/../../../../arm-none-eabi/lib/thumb/v7e-m+fp/hard\libc_nano.a(libc_a-rand.o)
                0x08010d04                rand
 .text.__cvt    0x08010d80       0xca C:/ST/STM32CubeIDE_1.15.0/STM32CubeIDE/plugins/com.st.stm32cube.ide.mcu.externaltools.gnu-tools-for-stm32.13.3.rel1.win32_1.0.0.202411081344/tools/bin/../lib/gcc/arm-none-eabi/13.3.1/../../../../arm-none-eabi/lib/thumb/v7e-m+fp/hard\libc_nano.a(libc_a-nano-vfprintf_float.o)
                0x08010d80                __cvt
 .text.__exponent
                0x08010e4a       0x74 C:/ST/STM32CubeIDE_1.15.0/STM32CubeIDE/plugins/com.st.stm32cube.ide.mcu.externaltools.gnu-tools-for-stm32.13.3.rel1.win32_1.0.0.202411081344/tools/bin/../lib/gcc/arm-none-eabi/13.3.1/../../../../arm-none-eabi/lib/thumb/v7e-m+fp/hard\libc_nano.a(libc_a-nano-vfprintf_float.o)
                0x08010e4a                __exponent
 *fill*         0x08010ebe        0x2 
 .text._printf_float
                0x08010ec0      0x454 C:/ST/STM32CubeIDE_1.15.0/STM32CubeIDE/plugins/com.st.stm32cube.ide.mcu.externaltools.gnu-tools-for-stm32.13.3.rel1.win32_1.0.0.202411081344/tools/bin/../lib/gcc/arm-none-eabi/13.3.1/../../../../arm-none-eabi/lib/thumb/v7e-m+fp/hard\libc_nano.a(libc_a-nano-vfprintf_float.o)
                0x08010ec0                _printf_float
 .text._printf_common
                0x08011314       0xda C:/ST/STM32CubeIDE_1.15.0/STM32CubeIDE/plugins/com.st.stm32cube.ide.mcu.externaltools.gnu-tools-for-stm32.13.3.rel1.win32_1.0.0.202411081344/tools/bin/../lib/gcc/arm-none-eabi/13.3.1/../../../../arm-none-eabi/lib/thumb/v7e-m+fp/hard\libc_nano.a(libc_a-nano-vfprintf_i.o)
                0x08011314                _printf_common
 *fill*         0x080113ee        0x2 
 .text._printf_i
                0x080113f0      0x23c C:/ST/STM32CubeIDE_1.15.0/STM32CubeIDE/plugins/com.st.stm32cube.ide.mcu.externaltools.gnu-tools-for-stm32.13.3.rel1.win32_1.0.0.202411081344/tools/bin/../lib/gcc/arm-none-eabi/13.3.1/../../../../arm-none-eabi/lib/thumb/v7e-m+fp/hard\libc_nano.a(libc_a-nano-vfprintf_i.o)
                0x080113f0                _printf_i
 .text.std      0x0801162c       0x6c C:/ST/STM32CubeIDE_1.15.0/STM32CubeIDE/plugins/com.st.stm32cube.ide.mcu.externaltools.gnu-tools-for-stm32.13.3.rel1.win32_1.0.0.202411081344/tools/bin/../lib/gcc/arm-none-eabi/13.3.1/../../../../arm-none-eabi/lib/thumb/v7e-m+fp/hard\libc_nano.a(libc_a-findfp.o)
 .text.stdio_exit_handler
                0x08011698       0x18 C:/ST/STM32CubeIDE_1.15.0/STM32CubeIDE/plugins/com.st.stm32cube.ide.mcu.externaltools.gnu-tools-for-stm32.13.3.rel1.win32_1.0.0.202411081344/tools/bin/../lib/gcc/arm-none-eabi/13.3.1/../../../../arm-none-eabi/lib/thumb/v7e-m+fp/hard\libc_nano.a(libc_a-findfp.o)
 .text.cleanup_stdio
                0x080116b0       0x40 C:/ST/STM32CubeIDE_1.15.0/STM32CubeIDE/plugins/com.st.stm32cube.ide.mcu.externaltools.gnu-tools-for-stm32.13.3.rel1.win32_1.0.0.202411081344/tools/bin/../lib/gcc/arm-none-eabi/13.3.1/../../../../arm-none-eabi/lib/thumb/v7e-m+fp/hard\libc_nano.a(libc_a-findfp.o)
 .text.global_stdio_init.part.0
                0x080116f0       0x3c C:/ST/STM32CubeIDE_1.15.0/STM32CubeIDE/plugins/com.st.stm32cube.ide.mcu.externaltools.gnu-tools-for-stm32.13.3.rel1.win32_1.0.0.202411081344/tools/bin/../lib/gcc/arm-none-eabi/13.3.1/../../../../arm-none-eabi/lib/thumb/v7e-m+fp/hard\libc_nano.a(libc_a-findfp.o)
 .text.__sfp_lock_acquire
                0x0801172c        0xc C:/ST/STM32CubeIDE_1.15.0/STM32CubeIDE/plugins/com.st.stm32cube.ide.mcu.externaltools.gnu-tools-for-stm32.13.3.rel1.win32_1.0.0.202411081344/tools/bin/../lib/gcc/arm-none-eabi/13.3.1/../../../../arm-none-eabi/lib/thumb/v7e-m+fp/hard\libc_nano.a(libc_a-findfp.o)
                0x0801172c                __sfp_lock_acquire
 .text.__sfp_lock_release
                0x08011738        0xc C:/ST/STM32CubeIDE_1.15.0/STM32CubeIDE/plugins/com.st.stm32cube.ide.mcu.externaltools.gnu-tools-for-stm32.13.3.rel1.win32_1.0.0.202411081344/tools/bin/../lib/gcc/arm-none-eabi/13.3.1/../../../../arm-none-eabi/lib/thumb/v7e-m+fp/hard\libc_nano.a(libc_a-findfp.o)
                0x08011738                __sfp_lock_release
 .text.__sinit  0x08011744       0x30 C:/ST/STM32CubeIDE_1.15.0/STM32CubeIDE/plugins/com.st.stm32cube.ide.mcu.externaltools.gnu-tools-for-stm32.13.3.rel1.win32_1.0.0.202411081344/tools/bin/../lib/gcc/arm-none-eabi/13.3.1/../../../../arm-none-eabi/lib/thumb/v7e-m+fp/hard\libc_nano.a(libc_a-findfp.o)
                0x08011744                __sinit
 .text._fwalk_sglue
                0x08011774       0x3c C:/ST/STM32CubeIDE_1.15.0/STM32CubeIDE/plugins/com.st.stm32cube.ide.mcu.externaltools.gnu-tools-for-stm32.13.3.rel1.win32_1.0.0.202411081344/tools/bin/../lib/gcc/arm-none-eabi/13.3.1/../../../../arm-none-eabi/lib/thumb/v7e-m+fp/hard\libc_nano.a(libc_a-fwalk.o)
                0x08011774                _fwalk_sglue
 .text.printf   0x080117b0       0x24 C:/ST/STM32CubeIDE_1.15.0/STM32CubeIDE/plugins/com.st.stm32cube.ide.mcu.externaltools.gnu-tools-for-stm32.13.3.rel1.win32_1.0.0.202411081344/tools/bin/../lib/gcc/arm-none-eabi/13.3.1/../../../../arm-none-eabi/lib/thumb/v7e-m+fp/hard\libc_nano.a(libc_a-printf.o)
                0x080117b0                iprintf
                0x080117b0                printf
 .text.__sread  0x080117d4       0x22 C:/ST/STM32CubeIDE_1.15.0/STM32CubeIDE/plugins/com.st.stm32cube.ide.mcu.externaltools.gnu-tools-for-stm32.13.3.rel1.win32_1.0.0.202411081344/tools/bin/../lib/gcc/arm-none-eabi/13.3.1/../../../../arm-none-eabi/lib/thumb/v7e-m+fp/hard\libc_nano.a(libc_a-stdio.o)
                0x080117d4                __sread
 .text.__swrite
                0x080117f6       0x38 C:/ST/STM32CubeIDE_1.15.0/STM32CubeIDE/plugins/com.st.stm32cube.ide.mcu.externaltools.gnu-tools-for-stm32.13.3.rel1.win32_1.0.0.202411081344/tools/bin/../lib/gcc/arm-none-eabi/13.3.1/../../../../arm-none-eabi/lib/thumb/v7e-m+fp/hard\libc_nano.a(libc_a-stdio.o)
                0x080117f6                __swrite
 .text.__sseek  0x0801182e       0x24 C:/ST/STM32CubeIDE_1.15.0/STM32CubeIDE/plugins/com.st.stm32cube.ide.mcu.externaltools.gnu-tools-for-stm32.13.3.rel1.win32_1.0.0.202411081344/tools/bin/../lib/gcc/arm-none-eabi/13.3.1/../../../../arm-none-eabi/lib/thumb/v7e-m+fp/hard\libc_nano.a(libc_a-stdio.o)
                0x0801182e                __sseek
 .text.__sclose
                0x08011852        0x8 C:/ST/STM32CubeIDE_1.15.0/STM32CubeIDE/plugins/com.st.stm32cube.ide.mcu.externaltools.gnu-tools-for-stm32.13.3.rel1.win32_1.0.0.202411081344/tools/bin/../lib/gcc/arm-none-eabi/13.3.1/../../../../arm-none-eabi/lib/thumb/v7e-m+fp/hard\libc_nano.a(libc_a-stdio.o)
                0x08011852                __sclose
 .text.memset   0x0801185a       0x10 C:/ST/STM32CubeIDE_1.15.0/STM32CubeIDE/plugins/com.st.stm32cube.ide.mcu.externaltools.gnu-tools-for-stm32.13.3.rel1.win32_1.0.0.202411081344/tools/bin/../lib/gcc/arm-none-eabi/13.3.1/../../../../arm-none-eabi/lib/thumb/v7e-m+fp/hard\libc_nano.a(libc_a-memset.o)
                0x0801185a                memset
 *fill*         0x0801186a        0x2 
 .text._localeconv_r
                0x0801186c        0x8 C:/ST/STM32CubeIDE_1.15.0/STM32CubeIDE/plugins/com.st.stm32cube.ide.mcu.externaltools.gnu-tools-for-stm32.13.3.rel1.win32_1.0.0.202411081344/tools/bin/../lib/gcc/arm-none-eabi/13.3.1/../../../../arm-none-eabi/lib/thumb/v7e-m+fp/hard\libc_nano.a(libc_a-localeconv.o)
                0x0801186c                _localeconv_r
 .text._close_r
                0x08011874       0x20 C:/ST/STM32CubeIDE_1.15.0/STM32CubeIDE/plugins/com.st.stm32cube.ide.mcu.externaltools.gnu-tools-for-stm32.13.3.rel1.win32_1.0.0.202411081344/tools/bin/../lib/gcc/arm-none-eabi/13.3.1/../../../../arm-none-eabi/lib/thumb/v7e-m+fp/hard\libc_nano.a(libc_a-closer.o)
                0x08011874                _close_r
 .text._lseek_r
                0x08011894       0x24 C:/ST/STM32CubeIDE_1.15.0/STM32CubeIDE/plugins/com.st.stm32cube.ide.mcu.externaltools.gnu-tools-for-stm32.13.3.rel1.win32_1.0.0.202411081344/tools/bin/../lib/gcc/arm-none-eabi/13.3.1/../../../../arm-none-eabi/lib/thumb/v7e-m+fp/hard\libc_nano.a(libc_a-lseekr.o)
                0x08011894                _lseek_r
 .text._read_r  0x080118b8       0x24 C:/ST/STM32CubeIDE_1.15.0/STM32CubeIDE/plugins/com.st.stm32cube.ide.mcu.externaltools.gnu-tools-for-stm32.13.3.rel1.win32_1.0.0.202411081344/tools/bin/../lib/gcc/arm-none-eabi/13.3.1/../../../../arm-none-eabi/lib/thumb/v7e-m+fp/hard\libc_nano.a(libc_a-readr.o)
                0x080118b8                _read_r
 .text._sbrk_r  0x080118dc       0x20 C:/ST/STM32CubeIDE_1.15.0/STM32CubeIDE/plugins/com.st.stm32cube.ide.mcu.externaltools.gnu-tools-for-stm32.13.3.rel1.win32_1.0.0.202411081344/tools/bin/../lib/gcc/arm-none-eabi/13.3.1/../../../../arm-none-eabi/lib/thumb/v7e-m+fp/hard\libc_nano.a(libc_a-sbrkr.o)
                0x080118dc                _sbrk_r
 .text._write_r
                0x080118fc       0x24 C:/ST/STM32CubeIDE_1.15.0/STM32CubeIDE/plugins/com.st.stm32cube.ide.mcu.externaltools.gnu-tools-for-stm32.13.3.rel1.win32_1.0.0.202411081344/tools/bin/../lib/gcc/arm-none-eabi/13.3.1/../../../../arm-none-eabi/lib/thumb/v7e-m+fp/hard\libc_nano.a(libc_a-writer.o)
                0x080118fc                _write_r
 .text.__errno  0x08011920        0xc C:/ST/STM32CubeIDE_1.15.0/STM32CubeIDE/plugins/com.st.stm32cube.ide.mcu.externaltools.gnu-tools-for-stm32.13.3.rel1.win32_1.0.0.202411081344/tools/bin/../lib/gcc/arm-none-eabi/13.3.1/../../../../arm-none-eabi/lib/thumb/v7e-m+fp/hard\libc_nano.a(libc_a-errno.o)
                0x08011920                __errno
 .text.__libc_init_array
                0x0801192c       0x48 C:/ST/STM32CubeIDE_1.15.0/STM32CubeIDE/plugins/com.st.stm32cube.ide.mcu.externaltools.gnu-tools-for-stm32.13.3.rel1.win32_1.0.0.202411081344/tools/bin/../lib/gcc/arm-none-eabi/13.3.1/../../../../arm-none-eabi/lib/thumb/v7e-m+fp/hard\libc_nano.a(libc_a-init.o)
                0x0801192c                __libc_init_array
 .text.memcpy   0x08011974       0x1c C:/ST/STM32CubeIDE_1.15.0/STM32CubeIDE/plugins/com.st.stm32cube.ide.mcu.externaltools.gnu-tools-for-stm32.13.3.rel1.win32_1.0.0.202411081344/tools/bin/../lib/gcc/arm-none-eabi/13.3.1/../../../../arm-none-eabi/lib/thumb/v7e-m+fp/hard\libc_nano.a(libc_a-memcpy-stub.o)
                0x08011974                memcpy
 .text.__assert_func
                0x08011990       0x3c C:/ST/STM32CubeIDE_1.15.0/STM32CubeIDE/plugins/com.st.stm32cube.ide.mcu.externaltools.gnu-tools-for-stm32.13.3.rel1.win32_1.0.0.202411081344/tools/bin/../lib/gcc/arm-none-eabi/13.3.1/../../../../arm-none-eabi/lib/thumb/v7e-m+fp/hard\libc_nano.a(libc_a-assert.o)
                0x08011990                __assert_func
 .text.quorem   0x080119cc      0x110 C:/ST/STM32CubeIDE_1.15.0/STM32CubeIDE/plugins/com.st.stm32cube.ide.mcu.externaltools.gnu-tools-for-stm32.13.3.rel1.win32_1.0.0.202411081344/tools/bin/../lib/gcc/arm-none-eabi/13.3.1/../../../../arm-none-eabi/lib/thumb/v7e-m+fp/hard\libc_nano.a(libc_a-dtoa.o)
 *fill*         0x08011adc        0x4 
 .text._dtoa_r  0x08011ae0      0xba0 C:/ST/STM32CubeIDE_1.15.0/STM32CubeIDE/plugins/com.st.stm32cube.ide.mcu.externaltools.gnu-tools-for-stm32.13.3.rel1.win32_1.0.0.202411081344/tools/bin/../lib/gcc/arm-none-eabi/13.3.1/../../../../arm-none-eabi/lib/thumb/v7e-m+fp/hard\libc_nano.a(libc_a-dtoa.o)
                0x08011ae0                _dtoa_r
 .text._free_r  0x08012680       0x94 C:/ST/STM32CubeIDE_1.15.0/STM32CubeIDE/plugins/com.st.stm32cube.ide.mcu.externaltools.gnu-tools-for-stm32.13.3.rel1.win32_1.0.0.202411081344/tools/bin/../lib/gcc/arm-none-eabi/13.3.1/../../../../arm-none-eabi/lib/thumb/v7e-m+fp/hard\libc_nano.a(libc_a-freer.o)
                0x08012680                _free_r
 .text._Balloc  0x08012714       0x80 C:/ST/STM32CubeIDE_1.15.0/STM32CubeIDE/plugins/com.st.stm32cube.ide.mcu.externaltools.gnu-tools-for-stm32.13.3.rel1.win32_1.0.0.202411081344/tools/bin/../lib/gcc/arm-none-eabi/13.3.1/../../../../arm-none-eabi/lib/thumb/v7e-m+fp/hard\libc_nano.a(libc_a-mprec.o)
                0x08012714                _Balloc
 .text._Bfree   0x08012794       0x44 C:/ST/STM32CubeIDE_1.15.0/STM32CubeIDE/plugins/com.st.stm32cube.ide.mcu.externaltools.gnu-tools-for-stm32.13.3.rel1.win32_1.0.0.202411081344/tools/bin/../lib/gcc/arm-none-eabi/13.3.1/../../../../arm-none-eabi/lib/thumb/v7e-m+fp/hard\libc_nano.a(libc_a-mprec.o)
                0x08012794                _Bfree
 .text.__multadd
                0x080127d8       0x8c C:/ST/STM32CubeIDE_1.15.0/STM32CubeIDE/plugins/com.st.stm32cube.ide.mcu.externaltools.gnu-tools-for-stm32.13.3.rel1.win32_1.0.0.202411081344/tools/bin/../lib/gcc/arm-none-eabi/13.3.1/../../../../arm-none-eabi/lib/thumb/v7e-m+fp/hard\libc_nano.a(libc_a-mprec.o)
                0x080127d8                __multadd
 .text.__hi0bits
                0x08012864       0x3e C:/ST/STM32CubeIDE_1.15.0/STM32CubeIDE/plugins/com.st.stm32cube.ide.mcu.externaltools.gnu-tools-for-stm32.13.3.rel1.win32_1.0.0.202411081344/tools/bin/../lib/gcc/arm-none-eabi/13.3.1/../../../../arm-none-eabi/lib/thumb/v7e-m+fp/hard\libc_nano.a(libc_a-mprec.o)
                0x08012864                __hi0bits
 .text.__lo0bits
                0x080128a2       0x5a C:/ST/STM32CubeIDE_1.15.0/STM32CubeIDE/plugins/com.st.stm32cube.ide.mcu.externaltools.gnu-tools-for-stm32.13.3.rel1.win32_1.0.0.202411081344/tools/bin/../lib/gcc/arm-none-eabi/13.3.1/../../../../arm-none-eabi/lib/thumb/v7e-m+fp/hard\libc_nano.a(libc_a-mprec.o)
                0x080128a2                __lo0bits
 .text.__i2b    0x080128fc       0x2c C:/ST/STM32CubeIDE_1.15.0/STM32CubeIDE/plugins/com.st.stm32cube.ide.mcu.externaltools.gnu-tools-for-stm32.13.3.rel1.win32_1.0.0.202411081344/tools/bin/../lib/gcc/arm-none-eabi/13.3.1/../../../../arm-none-eabi/lib/thumb/v7e-m+fp/hard\libc_nano.a(libc_a-mprec.o)
                0x080128fc                __i2b
 .text.__multiply
                0x08012928      0x144 C:/ST/STM32CubeIDE_1.15.0/STM32CubeIDE/plugins/com.st.stm32cube.ide.mcu.externaltools.gnu-tools-for-stm32.13.3.rel1.win32_1.0.0.202411081344/tools/bin/../lib/gcc/arm-none-eabi/13.3.1/../../../../arm-none-eabi/lib/thumb/v7e-m+fp/hard\libc_nano.a(libc_a-mprec.o)
                0x08012928                __multiply
 .text.__pow5mult
                0x08012a6c       0xb4 C:/ST/STM32CubeIDE_1.15.0/STM32CubeIDE/plugins/com.st.stm32cube.ide.mcu.externaltools.gnu-tools-for-stm32.13.3.rel1.win32_1.0.0.202411081344/tools/bin/../lib/gcc/arm-none-eabi/13.3.1/../../../../arm-none-eabi/lib/thumb/v7e-m+fp/hard\libc_nano.a(libc_a-mprec.o)
                0x08012a6c                __pow5mult
 .text.__lshift
                0x08012b20       0xd8 C:/ST/STM32CubeIDE_1.15.0/STM32CubeIDE/plugins/com.st.stm32cube.ide.mcu.externaltools.gnu-tools-for-stm32.13.3.rel1.win32_1.0.0.202411081344/tools/bin/../lib/gcc/arm-none-eabi/13.3.1/../../../../arm-none-eabi/lib/thumb/v7e-m+fp/hard\libc_nano.a(libc_a-mprec.o)
                0x08012b20                __lshift
 .text.__mcmp   0x08012bf8       0x36 C:/ST/STM32CubeIDE_1.15.0/STM32CubeIDE/plugins/com.st.stm32cube.ide.mcu.externaltools.gnu-tools-for-stm32.13.3.rel1.win32_1.0.0.202411081344/tools/bin/../lib/gcc/arm-none-eabi/13.3.1/../../../../arm-none-eabi/lib/thumb/v7e-m+fp/hard\libc_nano.a(libc_a-mprec.o)
                0x08012bf8                __mcmp
 *fill*         0x08012c2e        0x2 
 .text.__mdiff  0x08012c30      0x128 C:/ST/STM32CubeIDE_1.15.0/STM32CubeIDE/plugins/com.st.stm32cube.ide.mcu.externaltools.gnu-tools-for-stm32.13.3.rel1.win32_1.0.0.202411081344/tools/bin/../lib/gcc/arm-none-eabi/13.3.1/../../../../arm-none-eabi/lib/thumb/v7e-m+fp/hard\libc_nano.a(libc_a-mprec.o)
                0x08012c30                __mdiff
 .text.__d2b    0x08012d58       0xb0 C:/ST/STM32CubeIDE_1.15.0/STM32CubeIDE/plugins/com.st.stm32cube.ide.mcu.externaltools.gnu-tools-for-stm32.13.3.rel1.win32_1.0.0.202411081344/tools/bin/../lib/gcc/arm-none-eabi/13.3.1/../../../../arm-none-eabi/lib/thumb/v7e-m+fp/hard\libc_nano.a(libc_a-mprec.o)
                0x08012d58                __d2b
 .text.__sfputc_r
                0x08012e08       0x2e C:/ST/STM32CubeIDE_1.15.0/STM32CubeIDE/plugins/com.st.stm32cube.ide.mcu.externaltools.gnu-tools-for-stm32.13.3.rel1.win32_1.0.0.202411081344/tools/bin/../lib/gcc/arm-none-eabi/13.3.1/../../../../arm-none-eabi/lib/thumb/v7e-m+fp/hard\libc_nano.a(libc_a-nano-vfprintf.o)
 .text.__sfputs_r
                0x08012e36       0x24 C:/ST/STM32CubeIDE_1.15.0/STM32CubeIDE/plugins/com.st.stm32cube.ide.mcu.externaltools.gnu-tools-for-stm32.13.3.rel1.win32_1.0.0.202411081344/tools/bin/../lib/gcc/arm-none-eabi/13.3.1/../../../../arm-none-eabi/lib/thumb/v7e-m+fp/hard\libc_nano.a(libc_a-nano-vfprintf.o)
                0x08012e36                __sfputs_r
 *fill*         0x08012e5a        0x2 
 .text._vfprintf_r
                0x08012e5c      0x230 C:/ST/STM32CubeIDE_1.15.0/STM32CubeIDE/plugins/com.st.stm32cube.ide.mcu.externaltools.gnu-tools-for-stm32.13.3.rel1.win32_1.0.0.202411081344/tools/bin/../lib/gcc/arm-none-eabi/13.3.1/../../../../arm-none-eabi/lib/thumb/v7e-m+fp/hard\libc_nano.a(libc_a-nano-vfprintf.o)
                0x08012e5c                _vfprintf_r
                0x08012e5c                _vfiprintf_r
 .text.__sflush_r
                0x0801308c      0x108 C:/ST/STM32CubeIDE_1.15.0/STM32CubeIDE/plugins/com.st.stm32cube.ide.mcu.externaltools.gnu-tools-for-stm32.13.3.rel1.win32_1.0.0.202411081344/tools/bin/../lib/gcc/arm-none-eabi/13.3.1/../../../../arm-none-eabi/lib/thumb/v7e-m+fp/hard\libc_nano.a(libc_a-fflush.o)
                0x0801308c                __sflush_r
 .text._fflush_r
                0x08013194       0x50 C:/ST/STM32CubeIDE_1.15.0/STM32CubeIDE/plugins/com.st.stm32cube.ide.mcu.externaltools.gnu-tools-for-stm32.13.3.rel1.win32_1.0.0.202411081344/tools/bin/../lib/gcc/arm-none-eabi/13.3.1/../../../../arm-none-eabi/lib/thumb/v7e-m+fp/hard\libc_nano.a(libc_a-fflush.o)
                0x08013194                _fflush_r
 .text.fprintf  0x080131e4       0x24 C:/ST/STM32CubeIDE_1.15.0/STM32CubeIDE/plugins/com.st.stm32cube.ide.mcu.externaltools.gnu-tools-for-stm32.13.3.rel1.win32_1.0.0.202411081344/tools/bin/../lib/gcc/arm-none-eabi/13.3.1/../../../../arm-none-eabi/lib/thumb/v7e-m+fp/hard\libc_nano.a(libc_a-fprintf.o)
                0x080131e4                fiprintf
                0x080131e4                fprintf
 .text.__swbuf_r
                0x08013208       0x7c C:/ST/STM32CubeIDE_1.15.0/STM32CubeIDE/plugins/com.st.stm32cube.ide.mcu.externaltools.gnu-tools-for-stm32.13.3.rel1.win32_1.0.0.202411081344/tools/bin/../lib/gcc/arm-none-eabi/13.3.1/../../../../arm-none-eabi/lib/thumb/v7e-m+fp/hard\libc_nano.a(libc_a-wbuf.o)
                0x08013208                __swbuf_r
 .text.__swsetup_r
                0x08013284       0xac C:/ST/STM32CubeIDE_1.15.0/STM32CubeIDE/plugins/com.st.stm32cube.ide.mcu.externaltools.gnu-tools-for-stm32.13.3.rel1.win32_1.0.0.202411081344/tools/bin/../lib/gcc/arm-none-eabi/13.3.1/../../../../arm-none-eabi/lib/thumb/v7e-m+fp/hard\libc_nano.a(libc_a-wsetup.o)
                0x08013284                __swsetup_r