../Drivers/MS5607/MS5607SPI.c:116:20:MS5607_Init	24	static
../Drivers/MS5607/MS5607SPI.c:137:6:MS5607PromRead	32	static
../Drivers/MS5607/MS5607SPI.c:169:6:MS5607UncompensatedRead	24	static
../Drivers/MS5607/MS5607SPI.c:238:6:MS5607Convert	376	static
../Drivers/MS5607/MS5607SPI.c:276:6:MS5607Update	8	static
../Drivers/MS5607/MS5607SPI.c:282:16:MS5607ReadValues	64	static
../Drivers/MS5607/MS5607SPI.c:299:8:MS5607GetLastTemperatureC	8	static
../Drivers/MS5607/MS5607SPI.c:305:8:MS5607GetLastPressurekPa	8	static
../Drivers/MS5607/MS5607SPI.c:311:6:enableCSB	8	static
../Drivers/MS5607/MS5607SPI.c:317:6:disableCSB	8	static
../Drivers/MS5607/MS5607SPI.c:323:6:MS5607SetTemperatureOSR	16	static
../Drivers/MS5607/MS5607SPI.c:329:6:MS5607SetPressureOSR	16	static
../Drivers/MS5607/MS5607SPI.c:354:7:calculateAltitude	32	static
../Drivers/MS5607/MS5607SPI.c:373:6:determine_state	88	static
