../Drivers/MS5607/MS5607SPI.c:113:20:MS5607_Init	24	static
../Drivers/MS5607/MS5607SPI.c:134:6:MS5607PromRead	32	static
../Drivers/MS5607/MS5607SPI.c:166:6:MS5607UncompensatedRead	24	static
../Drivers/MS5607/MS5607SPI.c:235:6:MS5607Convert	376	static
../Drivers/MS5607/MS5607SPI.c:273:6:MS5607Update	8	static
../Drivers/MS5607/MS5607SPI.c:279:16:MS5607ReadValues	64	static
../Drivers/MS5607/MS5607SPI.c:296:8:MS5607GetLastTemperatureC	8	static
../Drivers/MS5607/MS5607SPI.c:302:8:MS5607GetLastPressurekPa	8	static
../Drivers/MS5607/MS5607SPI.c:308:6:enableCSB	8	static
../Drivers/MS5607/MS5607SPI.c:314:6:disableCSB	8	static
../Drivers/MS5607/MS5607SPI.c:320:6:MS5607SetTemperatureOSR	16	static
../Drivers/MS5607/MS5607SPI.c:326:6:MS5607SetPressureOSR	16	static
../Drivers/MS5607/MS5607SPI.c:342:7:calculateAltitude	40	static
../Drivers/MS5607/MS5607SPI.c:362:6:determine_state	88	static
