../Core/Src/main.c:46:5:_write	24	static
../Core/Src/main.c:117:5:main	456	static
../Core/Src/main.c:327:6:SystemClock_Config	112	static
../Core/Src/main.c:399:13:MX_ADC1_Init	56	static
../Core/Src/main.c:466:13:MX_CORDIC_Init	8	static
../Core/Src/main.c:491:13:MX_FMAC_Init	8	static
../Core/Src/main.c:516:13:MX_I2C3_Init	8	static
../Core/Src/main.c:563:13:MX_IRTIM_Init	4	static
../Core/Src/main.c:583:13:MX_RNG_Init	8	static
../Core/Src/main.c:609:13:MX_RTC_Init	8	static
../Core/Src/main.c:652:13:MX_SPI2_Init	8	static
../Core/Src/main.c:691:13:MX_TIM1_Init	80	static
../Core/Src/main.c:752:13:MX_TIM3_Init	64	static
../Core/Src/main.c:822:13:MX_TIM8_Init	80	static
../Core/Src/main.c:883:13:MX_TIM15_Init	104	static
../Core/Src/main.c:948:13:MX_TIM16_Init	88	static
../Core/Src/main.c:1009:13:MX_TIM17_Init	88	static
../Core/Src/main.c:1070:13:MX_UART5_Init	8	static
../Core/Src/main.c:1117:13:MX_USART3_UART_Init	8	static
../Core/Src/main.c:1162:13:MX_DMA_Init	16	static
../Core/Src/main.c:1180:13:MX_GPIO_Init	48	static
../Core/Src/main.c:1276:6:SendTelemetry	264	static
../Core/Src/main.c:1369:6:HAL_TIM_PeriodElapsedCallback	16	static
../Core/Src/main.c:1387:6:Error_Handler	4	static,ignoring_inline_asm
